<?xml version="1.0" encoding="ISO-8859-1" ?>
<link_info>
   <banner>TI ARM Linker PC v20.2.4.LTS</banner>
   <copyright>Copyright (c) 1996-2018 Texas Instruments Incorporated</copyright>
   <link_time>0x66948e03</link_time>
   <link_errors>0x0</link_errors>
   <output_file>Test.out</output_file>
   <entry_point>
      <name>_c_int00_noargs</name>
      <address>0x5741</address>
   </entry_point>
   <input_file_list>
      <input_file id="fl-2">
         <path>.\</path>
         <kind>object</kind>
         <file>button.obj</file>
         <name>button.obj</name>
      </input_file>
      <input_file id="fl-3">
         <path>.\</path>
         <kind>object</kind>
         <file>external_uart.obj</file>
         <name>external_uart.obj</name>
      </input_file>
      <input_file id="fl-4">
         <path>.\</path>
         <kind>object</kind>
         <file>gpios.obj</file>
         <name>gpios.obj</name>
      </input_file>
      <input_file id="fl-5">
         <path>.\</path>
         <kind>object</kind>
         <file>main.obj</file>
         <name>main.obj</name>
      </input_file>
      <input_file id="fl-6">
         <path>.\</path>
         <kind>object</kind>
         <file>main2.obj</file>
         <name>main2.obj</name>
      </input_file>
      <input_file id="fl-7">
         <path>.\</path>
         <kind>object</kind>
         <file>main3.obj</file>
         <name>main3.obj</name>
      </input_file>
      <input_file id="fl-8">
         <path>.\</path>
         <kind>object</kind>
         <file>priority_queue.obj</file>
         <name>priority_queue.obj</name>
      </input_file>
      <input_file id="fl-9">
         <path>.\</path>
         <kind>object</kind>
         <file>startup_msp432p401r_ccs.obj</file>
         <name>startup_msp432p401r_ccs.obj</name>
      </input_file>
      <input_file id="fl-a">
         <path>.\</path>
         <kind>object</kind>
         <file>system_msp432p401r.obj</file>
         <name>system_msp432p401r.obj</name>
      </input_file>
      <input_file id="fl-b">
         <path>.\</path>
         <kind>object</kind>
         <file>timed_pulse.obj</file>
         <name>timed_pulse.obj</name>
      </input_file>
      <input_file id="fl-c">
         <path>.\MSP432P4xx\</path>
         <kind>object</kind>
         <file>adc14.obj</file>
         <name>adc14.obj</name>
      </input_file>
      <input_file id="fl-d">
         <path>.\MSP432P4xx\</path>
         <kind>object</kind>
         <file>aes256.obj</file>
         <name>aes256.obj</name>
      </input_file>
      <input_file id="fl-e">
         <path>.\MSP432P4xx\</path>
         <kind>object</kind>
         <file>comp_e.obj</file>
         <name>comp_e.obj</name>
      </input_file>
      <input_file id="fl-f">
         <path>.\MSP432P4xx\</path>
         <kind>object</kind>
         <file>cpu.obj</file>
         <name>cpu.obj</name>
      </input_file>
      <input_file id="fl-10">
         <path>.\MSP432P4xx\</path>
         <kind>object</kind>
         <file>crc32.obj</file>
         <name>crc32.obj</name>
      </input_file>
      <input_file id="fl-11">
         <path>.\MSP432P4xx\</path>
         <kind>object</kind>
         <file>cs.obj</file>
         <name>cs.obj</name>
      </input_file>
      <input_file id="fl-12">
         <path>.\MSP432P4xx\</path>
         <kind>object</kind>
         <file>dma.obj</file>
         <name>dma.obj</name>
      </input_file>
      <input_file id="fl-13">
         <path>.\MSP432P4xx\</path>
         <kind>object</kind>
         <file>flash.obj</file>
         <name>flash.obj</name>
      </input_file>
      <input_file id="fl-14">
         <path>.\MSP432P4xx\</path>
         <kind>object</kind>
         <file>fpu.obj</file>
         <name>fpu.obj</name>
      </input_file>
      <input_file id="fl-15">
         <path>.\MSP432P4xx\</path>
         <kind>object</kind>
         <file>gpio.obj</file>
         <name>gpio.obj</name>
      </input_file>
      <input_file id="fl-16">
         <path>.\MSP432P4xx\</path>
         <kind>object</kind>
         <file>i2c.obj</file>
         <name>i2c.obj</name>
      </input_file>
      <input_file id="fl-17">
         <path>.\MSP432P4xx\</path>
         <kind>object</kind>
         <file>interrupt.obj</file>
         <name>interrupt.obj</name>
      </input_file>
      <input_file id="fl-18">
         <path>.\MSP432P4xx\</path>
         <kind>object</kind>
         <file>mpu.obj</file>
         <name>mpu.obj</name>
      </input_file>
      <input_file id="fl-19">
         <path>.\MSP432P4xx\</path>
         <kind>object</kind>
         <file>pcm.obj</file>
         <name>pcm.obj</name>
      </input_file>
      <input_file id="fl-1a">
         <path>.\MSP432P4xx\</path>
         <kind>object</kind>
         <file>pmap.obj</file>
         <name>pmap.obj</name>
      </input_file>
      <input_file id="fl-1b">
         <path>.\MSP432P4xx\</path>
         <kind>object</kind>
         <file>pss.obj</file>
         <name>pss.obj</name>
      </input_file>
      <input_file id="fl-1c">
         <path>.\MSP432P4xx\</path>
         <kind>object</kind>
         <file>ref_a.obj</file>
         <name>ref_a.obj</name>
      </input_file>
      <input_file id="fl-1d">
         <path>.\MSP432P4xx\</path>
         <kind>object</kind>
         <file>reset.obj</file>
         <name>reset.obj</name>
      </input_file>
      <input_file id="fl-1e">
         <path>.\MSP432P4xx\</path>
         <kind>object</kind>
         <file>rtc_c.obj</file>
         <name>rtc_c.obj</name>
      </input_file>
      <input_file id="fl-1f">
         <path>.\MSP432P4xx\</path>
         <kind>object</kind>
         <file>spi.obj</file>
         <name>spi.obj</name>
      </input_file>
      <input_file id="fl-20">
         <path>.\MSP432P4xx\</path>
         <kind>object</kind>
         <file>sysctl.obj</file>
         <name>sysctl.obj</name>
      </input_file>
      <input_file id="fl-21">
         <path>.\MSP432P4xx\</path>
         <kind>object</kind>
         <file>systick.obj</file>
         <name>systick.obj</name>
      </input_file>
      <input_file id="fl-22">
         <path>.\MSP432P4xx\</path>
         <kind>object</kind>
         <file>timer32.obj</file>
         <name>timer32.obj</name>
      </input_file>
      <input_file id="fl-23">
         <path>.\MSP432P4xx\</path>
         <kind>object</kind>
         <file>timer_a.obj</file>
         <name>timer_a.obj</name>
      </input_file>
      <input_file id="fl-24">
         <path>.\MSP432P4xx\</path>
         <kind>object</kind>
         <file>uart.obj</file>
         <name>uart.obj</name>
      </input_file>
      <input_file id="fl-25">
         <path>.\MSP432P4xx\</path>
         <kind>object</kind>
         <file>wdt_a.obj</file>
         <name>wdt_a.obj</name>
      </input_file>
      <input_file id="fl-26">
         <path>.\Timer\</path>
         <kind>object</kind>
         <file>AJS_Timer.obj</file>
         <name>AJS_Timer.obj</name>
      </input_file>
      <input_file id="fl-2e">
         <kind>object</kind>
         <file>&lt;internal&gt;</file>
         <name>&lt;internal&gt;</name>
      </input_file>
      <input_file id="fl-e4">
         <path>C:\ti\ccs1031\ccs\tools\compiler\ti-cgt-arm_20.2.4.LTS\lib\</path>
         <kind>archive</kind>
         <file>rtsv7M4_T_le_v4SPD16_eabi.lib</file>
         <name>printf.c.obj</name>
      </input_file>
      <input_file id="fl-e5">
         <path>C:\ti\ccs1031\ccs\tools\compiler\ti-cgt-arm_20.2.4.LTS\lib\</path>
         <kind>archive</kind>
         <file>rtsv7M4_T_le_v4SPD16_eabi.lib</file>
         <name>_printfi.c.obj</name>
      </input_file>
      <input_file id="fl-e6">
         <path>C:\ti\ccs1031\ccs\tools\compiler\ti-cgt-arm_20.2.4.LTS\lib\</path>
         <kind>archive</kind>
         <file>rtsv7M4_T_le_v4SPD16_eabi.lib</file>
         <name>fputc.c.obj</name>
      </input_file>
      <input_file id="fl-e7">
         <path>C:\ti\ccs1031\ccs\tools\compiler\ti-cgt-arm_20.2.4.LTS\lib\</path>
         <kind>archive</kind>
         <file>rtsv7M4_T_le_v4SPD16_eabi.lib</file>
         <name>fputs.c.obj</name>
      </input_file>
      <input_file id="fl-e8">
         <path>C:\ti\ccs1031\ccs\tools\compiler\ti-cgt-arm_20.2.4.LTS\lib\</path>
         <kind>archive</kind>
         <file>rtsv7M4_T_le_v4SPD16_eabi.lib</file>
         <name>_io_perm.c.obj</name>
      </input_file>
      <input_file id="fl-e9">
         <path>C:\ti\ccs1031\ccs\tools\compiler\ti-cgt-arm_20.2.4.LTS\lib\</path>
         <kind>archive</kind>
         <file>rtsv7M4_T_le_v4SPD16_eabi.lib</file>
         <name>setvbuf.c.obj</name>
      </input_file>
      <input_file id="fl-ea">
         <path>C:\ti\ccs1031\ccs\tools\compiler\ti-cgt-arm_20.2.4.LTS\lib\</path>
         <kind>archive</kind>
         <file>rtsv7M4_T_le_v4SPD16_eabi.lib</file>
         <name>s_frexp.c.obj</name>
      </input_file>
      <input_file id="fl-eb">
         <path>C:\ti\ccs1031\ccs\tools\compiler\ti-cgt-arm_20.2.4.LTS\lib\</path>
         <kind>archive</kind>
         <file>rtsv7M4_T_le_v4SPD16_eabi.lib</file>
         <name>s_scalbn.c.obj</name>
      </input_file>
      <input_file id="fl-ec">
         <path>C:\ti\ccs1031\ccs\tools\compiler\ti-cgt-arm_20.2.4.LTS\lib\</path>
         <kind>archive</kind>
         <file>rtsv7M4_T_le_v4SPD16_eabi.lib</file>
         <name>s_copysign.c.obj</name>
      </input_file>
      <input_file id="fl-ed">
         <path>C:\ti\ccs1031\ccs\tools\compiler\ti-cgt-arm_20.2.4.LTS\lib\</path>
         <kind>archive</kind>
         <file>rtsv7M4_T_le_v4SPD16_eabi.lib</file>
         <name>ull_div_t2.asm.obj</name>
      </input_file>
      <input_file id="fl-ee">
         <path>C:\ti\ccs1031\ccs\tools\compiler\ti-cgt-arm_20.2.4.LTS\lib\</path>
         <kind>archive</kind>
         <file>rtsv7M4_T_le_v4SPD16_eabi.lib</file>
         <name>memset_t2.asm.obj</name>
      </input_file>
      <input_file id="fl-ef">
         <path>C:\ti\ccs1031\ccs\tools\compiler\ti-cgt-arm_20.2.4.LTS\lib\</path>
         <kind>archive</kind>
         <file>rtsv7M4_T_le_v4SPD16_eabi.lib</file>
         <name>fd_add_t2.asm.obj</name>
      </input_file>
      <input_file id="fl-f0">
         <path>C:\ti\ccs1031\ccs\tools\compiler\ti-cgt-arm_20.2.4.LTS\lib\</path>
         <kind>archive</kind>
         <file>rtsv7M4_T_le_v4SPD16_eabi.lib</file>
         <name>fd_cmp_t2.asm.obj</name>
      </input_file>
      <input_file id="fl-f1">
         <path>C:\ti\ccs1031\ccs\tools\compiler\ti-cgt-arm_20.2.4.LTS\lib\</path>
         <kind>archive</kind>
         <file>rtsv7M4_T_le_v4SPD16_eabi.lib</file>
         <name>fd_div_t2.asm.obj</name>
      </input_file>
      <input_file id="fl-f2">
         <path>C:\ti\ccs1031\ccs\tools\compiler\ti-cgt-arm_20.2.4.LTS\lib\</path>
         <kind>archive</kind>
         <file>rtsv7M4_T_le_v4SPD16_eabi.lib</file>
         <name>fd_mul_t2.asm.obj</name>
      </input_file>
      <input_file id="fl-f3">
         <path>C:\ti\ccs1031\ccs\tools\compiler\ti-cgt-arm_20.2.4.LTS\lib\</path>
         <kind>archive</kind>
         <file>rtsv7M4_T_le_v4SPD16_eabi.lib</file>
         <name>fd_toi_t2.asm.obj</name>
      </input_file>
      <input_file id="fl-f4">
         <path>C:\ti\ccs1031\ccs\tools\compiler\ti-cgt-arm_20.2.4.LTS\lib\</path>
         <kind>archive</kind>
         <file>rtsv7M4_T_le_v4SPD16_eabi.lib</file>
         <name>i_tofd_t2.asm.obj</name>
      </input_file>
      <input_file id="fl-f5">
         <path>C:\ti\ccs1031\ccs\tools\compiler\ti-cgt-arm_20.2.4.LTS\lib\</path>
         <kind>archive</kind>
         <file>rtsv7M4_T_le_v4SPD16_eabi.lib</file>
         <name>memcpy_t2.asm.obj</name>
      </input_file>
      <input_file id="fl-f6">
         <path>C:\ti\ccs1031\ccs\tools\compiler\ti-cgt-arm_20.2.4.LTS\lib\</path>
         <kind>archive</kind>
         <file>rtsv7M4_T_le_v4SPD16_eabi.lib</file>
         <name>copy_zero_init.c.obj</name>
      </input_file>
      <input_file id="fl-f7">
         <path>C:\ti\ccs1031\ccs\tools\compiler\ti-cgt-arm_20.2.4.LTS\lib\</path>
         <kind>archive</kind>
         <file>rtsv7M4_T_le_v4SPD16_eabi.lib</file>
         <name>copy_decompress_none.c.obj</name>
      </input_file>
      <input_file id="fl-f8">
         <path>C:\ti\ccs1031\ccs\tools\compiler\ti-cgt-arm_20.2.4.LTS\lib\</path>
         <kind>archive</kind>
         <file>rtsv7M4_T_le_v4SPD16_eabi.lib</file>
         <name>copy_decompress_lzss.c.obj</name>
      </input_file>
      <input_file id="fl-f9">
         <path>C:\ti\ccs1031\ccs\tools\compiler\ti-cgt-arm_20.2.4.LTS\lib\</path>
         <kind>archive</kind>
         <file>rtsv7M4_T_le_v4SPD16_eabi.lib</file>
         <name>exit.c.obj</name>
      </input_file>
      <input_file id="fl-fa">
         <path>C:\ti\ccs1031\ccs\tools\compiler\ti-cgt-arm_20.2.4.LTS\lib\</path>
         <kind>archive</kind>
         <file>rtsv7M4_T_le_v4SPD16_eabi.lib</file>
         <name>_lock.c.obj</name>
      </input_file>
      <input_file id="fl-fb">
         <path>C:\ti\ccs1031\ccs\tools\compiler\ti-cgt-arm_20.2.4.LTS\lib\</path>
         <kind>archive</kind>
         <file>rtsv7M4_T_le_v4SPD16_eabi.lib</file>
         <name>_ltoa.c.obj</name>
      </input_file>
      <input_file id="fl-fc">
         <path>C:\ti\ccs1031\ccs\tools\compiler\ti-cgt-arm_20.2.4.LTS\lib\</path>
         <kind>archive</kind>
         <file>rtsv7M4_T_le_v4SPD16_eabi.lib</file>
         <name>atoi.c.obj</name>
      </input_file>
      <input_file id="fl-fd">
         <path>C:\ti\ccs1031\ccs\tools\compiler\ti-cgt-arm_20.2.4.LTS\lib\</path>
         <kind>archive</kind>
         <file>rtsv7M4_T_le_v4SPD16_eabi.lib</file>
         <name>ctype.c.obj</name>
      </input_file>
      <input_file id="fl-fe">
         <path>C:\ti\ccs1031\ccs\tools\compiler\ti-cgt-arm_20.2.4.LTS\lib\</path>
         <kind>archive</kind>
         <file>rtsv7M4_T_le_v4SPD16_eabi.lib</file>
         <name>defs.c.obj</name>
      </input_file>
      <input_file id="fl-ff">
         <path>C:\ti\ccs1031\ccs\tools\compiler\ti-cgt-arm_20.2.4.LTS\lib\</path>
         <kind>archive</kind>
         <file>rtsv7M4_T_le_v4SPD16_eabi.lib</file>
         <name>memccpy.c.obj</name>
      </input_file>
      <input_file id="fl-100">
         <path>C:\ti\ccs1031\ccs\tools\compiler\ti-cgt-arm_20.2.4.LTS\lib\</path>
         <kind>archive</kind>
         <file>rtsv7M4_T_le_v4SPD16_eabi.lib</file>
         <name>memchr.c.obj</name>
      </input_file>
      <input_file id="fl-101">
         <path>C:\ti\ccs1031\ccs\tools\compiler\ti-cgt-arm_20.2.4.LTS\lib\</path>
         <kind>archive</kind>
         <file>rtsv7M4_T_le_v4SPD16_eabi.lib</file>
         <name>memory.c.obj</name>
      </input_file>
      <input_file id="fl-102">
         <path>C:\ti\ccs1031\ccs\tools\compiler\ti-cgt-arm_20.2.4.LTS\lib\</path>
         <kind>archive</kind>
         <file>rtsv7M4_T_le_v4SPD16_eabi.lib</file>
         <name>strchr.c.obj</name>
      </input_file>
      <input_file id="fl-103">
         <path>C:\ti\ccs1031\ccs\tools\compiler\ti-cgt-arm_20.2.4.LTS\lib\</path>
         <kind>archive</kind>
         <file>rtsv7M4_T_le_v4SPD16_eabi.lib</file>
         <name>strlen.c.obj</name>
      </input_file>
      <input_file id="fl-104">
         <path>C:\ti\ccs1031\ccs\tools\compiler\ti-cgt-arm_20.2.4.LTS\lib\</path>
         <kind>archive</kind>
         <file>rtsv7M4_T_le_v4SPD16_eabi.lib</file>
         <name>errno.c.obj</name>
      </input_file>
      <input_file id="fl-105">
         <path>C:\ti\ccs1031\ccs\tools\compiler\ti-cgt-arm_20.2.4.LTS\lib\</path>
         <kind>archive</kind>
         <file>rtsv7M4_T_le_v4SPD16_eabi.lib</file>
         <name>boot_cortex_m.c.obj</name>
      </input_file>
      <input_file id="fl-106">
         <path>C:\ti\ccs1031\ccs\tools\compiler\ti-cgt-arm_20.2.4.LTS\lib\</path>
         <kind>archive</kind>
         <file>rtsv7M4_T_le_v4SPD16_eabi.lib</file>
         <name>write.c.obj</name>
      </input_file>
      <input_file id="fl-107">
         <path>C:\ti\ccs1031\ccs\tools\compiler\ti-cgt-arm_20.2.4.LTS\lib\</path>
         <kind>archive</kind>
         <file>rtsv7M4_T_le_v4SPD16_eabi.lib</file>
         <name>host_device.c.obj</name>
      </input_file>
      <input_file id="fl-108">
         <path>C:\ti\ccs1031\ccs\tools\compiler\ti-cgt-arm_20.2.4.LTS\lib\</path>
         <kind>archive</kind>
         <file>rtsv7M4_T_le_v4SPD16_eabi.lib</file>
         <name>wcslen.c.obj</name>
      </input_file>
      <input_file id="fl-109">
         <path>C:\ti\ccs1031\ccs\tools\compiler\ti-cgt-arm_20.2.4.LTS\lib\</path>
         <kind>archive</kind>
         <file>rtsv7M4_T_le_v4SPD16_eabi.lib</file>
         <name>fflush.c.obj</name>
      </input_file>
      <input_file id="fl-10a">
         <path>C:\ti\ccs1031\ccs\tools\compiler\ti-cgt-arm_20.2.4.LTS\lib\</path>
         <kind>archive</kind>
         <file>rtsv7M4_T_le_v4SPD16_eabi.lib</file>
         <name>fopen.c.obj</name>
      </input_file>
      <input_file id="fl-10b">
         <path>C:\ti\ccs1031\ccs\tools\compiler\ti-cgt-arm_20.2.4.LTS\lib\</path>
         <kind>archive</kind>
         <file>rtsv7M4_T_le_v4SPD16_eabi.lib</file>
         <name>fseek.c.obj</name>
      </input_file>
      <input_file id="fl-10c">
         <path>C:\ti\ccs1031\ccs\tools\compiler\ti-cgt-arm_20.2.4.LTS\lib\</path>
         <kind>archive</kind>
         <file>rtsv7M4_T_le_v4SPD16_eabi.lib</file>
         <name>div0.asm.obj</name>
      </input_file>
      <input_file id="fl-10d">
         <path>C:\ti\ccs1031\ccs\tools\compiler\ti-cgt-arm_20.2.4.LTS\lib\</path>
         <kind>archive</kind>
         <file>rtsv7M4_T_le_v4SPD16_eabi.lib</file>
         <name>autoinit.c.obj</name>
      </input_file>
      <input_file id="fl-10e">
         <path>C:\ti\ccs1031\ccs\tools\compiler\ti-cgt-arm_20.2.4.LTS\lib\</path>
         <kind>archive</kind>
         <file>rtsv7M4_T_le_v4SPD16_eabi.lib</file>
         <name>pre_init.c.obj</name>
      </input_file>
      <input_file id="fl-10f">
         <path>C:\ti\ccs1031\ccs\tools\compiler\ti-cgt-arm_20.2.4.LTS\lib\</path>
         <kind>archive</kind>
         <file>rtsv7M4_T_le_v4SPD16_eabi.lib</file>
         <name>cpy_tbl.c.obj</name>
      </input_file>
      <input_file id="fl-110">
         <path>C:\ti\ccs1031\ccs\tools\compiler\ti-cgt-arm_20.2.4.LTS\lib\</path>
         <kind>archive</kind>
         <file>rtsv7M4_T_le_v4SPD16_eabi.lib</file>
         <name>args_main.c.obj</name>
      </input_file>
      <input_file id="fl-111">
         <path>C:\ti\ccs1031\ccs\tools\compiler\ti-cgt-arm_20.2.4.LTS\lib\</path>
         <kind>archive</kind>
         <file>rtsv7M4_T_le_v4SPD16_eabi.lib</file>
         <name>hostclose.c.obj</name>
      </input_file>
      <input_file id="fl-112">
         <path>C:\ti\ccs1031\ccs\tools\compiler\ti-cgt-arm_20.2.4.LTS\lib\</path>
         <kind>archive</kind>
         <file>rtsv7M4_T_le_v4SPD16_eabi.lib</file>
         <name>hostlseek.c.obj</name>
      </input_file>
      <input_file id="fl-113">
         <path>C:\ti\ccs1031\ccs\tools\compiler\ti-cgt-arm_20.2.4.LTS\lib\</path>
         <kind>archive</kind>
         <file>rtsv7M4_T_le_v4SPD16_eabi.lib</file>
         <name>hostopen.c.obj</name>
      </input_file>
      <input_file id="fl-114">
         <path>C:\ti\ccs1031\ccs\tools\compiler\ti-cgt-arm_20.2.4.LTS\lib\</path>
         <kind>archive</kind>
         <file>rtsv7M4_T_le_v4SPD16_eabi.lib</file>
         <name>hostread.c.obj</name>
      </input_file>
      <input_file id="fl-115">
         <path>C:\ti\ccs1031\ccs\tools\compiler\ti-cgt-arm_20.2.4.LTS\lib\</path>
         <kind>archive</kind>
         <file>rtsv7M4_T_le_v4SPD16_eabi.lib</file>
         <name>hostrename.c.obj</name>
      </input_file>
      <input_file id="fl-116">
         <path>C:\ti\ccs1031\ccs\tools\compiler\ti-cgt-arm_20.2.4.LTS\lib\</path>
         <kind>archive</kind>
         <file>rtsv7M4_T_le_v4SPD16_eabi.lib</file>
         <name>hostunlink.c.obj</name>
      </input_file>
      <input_file id="fl-117">
         <path>C:\ti\ccs1031\ccs\tools\compiler\ti-cgt-arm_20.2.4.LTS\lib\</path>
         <kind>archive</kind>
         <file>rtsv7M4_T_le_v4SPD16_eabi.lib</file>
         <name>hostwrite.c.obj</name>
      </input_file>
      <input_file id="fl-118">
         <path>C:\ti\ccs1031\ccs\tools\compiler\ti-cgt-arm_20.2.4.LTS\lib\</path>
         <kind>archive</kind>
         <file>rtsv7M4_T_le_v4SPD16_eabi.lib</file>
         <name>trgmsg.c.obj</name>
      </input_file>
      <input_file id="fl-119">
         <path>C:\ti\ccs1031\ccs\tools\compiler\ti-cgt-arm_20.2.4.LTS\lib\</path>
         <kind>archive</kind>
         <file>rtsv7M4_T_le_v4SPD16_eabi.lib</file>
         <name>open.c.obj</name>
      </input_file>
      <input_file id="fl-11a">
         <path>C:\ti\ccs1031\ccs\tools\compiler\ti-cgt-arm_20.2.4.LTS\lib\</path>
         <kind>archive</kind>
         <file>rtsv7M4_T_le_v4SPD16_eabi.lib</file>
         <name>lseek.c.obj</name>
      </input_file>
      <input_file id="fl-11b">
         <path>C:\ti\ccs1031\ccs\tools\compiler\ti-cgt-arm_20.2.4.LTS\lib\</path>
         <kind>archive</kind>
         <file>rtsv7M4_T_le_v4SPD16_eabi.lib</file>
         <name>fclose.c.obj</name>
      </input_file>
      <input_file id="fl-11c">
         <path>C:\ti\ccs1031\ccs\tools\compiler\ti-cgt-arm_20.2.4.LTS\lib\</path>
         <kind>archive</kind>
         <file>rtsv7M4_T_le_v4SPD16_eabi.lib</file>
         <name>getdevice.c.obj</name>
      </input_file>
      <input_file id="fl-11d">
         <path>C:\ti\ccs1031\ccs\tools\compiler\ti-cgt-arm_20.2.4.LTS\lib\</path>
         <kind>archive</kind>
         <file>rtsv7M4_T_le_v4SPD16_eabi.lib</file>
         <name>strcmp.c.obj</name>
      </input_file>
      <input_file id="fl-11e">
         <path>C:\ti\ccs1031\ccs\tools\compiler\ti-cgt-arm_20.2.4.LTS\lib\</path>
         <kind>archive</kind>
         <file>rtsv7M4_T_le_v4SPD16_eabi.lib</file>
         <name>strcpy.c.obj</name>
      </input_file>
      <input_file id="fl-11f">
         <path>C:\ti\ccs1031\ccs\tools\compiler\ti-cgt-arm_20.2.4.LTS\lib\</path>
         <kind>archive</kind>
         <file>rtsv7M4_T_le_v4SPD16_eabi.lib</file>
         <name>strncpy.c.obj</name>
      </input_file>
      <input_file id="fl-120">
         <path>C:\ti\ccs1031\ccs\tools\compiler\ti-cgt-arm_20.2.4.LTS\lib\</path>
         <kind>archive</kind>
         <file>rtsv7M4_T_le_v4SPD16_eabi.lib</file>
         <name>remove.c.obj</name>
      </input_file>
      <input_file id="fl-121">
         <path>C:\ti\ccs1031\ccs\tools\compiler\ti-cgt-arm_20.2.4.LTS\lib\</path>
         <kind>archive</kind>
         <file>rtsv7M4_T_le_v4SPD16_eabi.lib</file>
         <name>close.c.obj</name>
      </input_file>
      <input_file id="fl-122">
         <path>C:\ti\ccs1031\ccs\tools\compiler\ti-cgt-arm_20.2.4.LTS\lib\</path>
         <kind>archive</kind>
         <file>rtsv7M4_T_le_v4SPD16_eabi.lib</file>
         <name>unlink.c.obj</name>
      </input_file>
   </input_file_list>
   <object_component_list>
      <object_component id="oc-26">
         <name>.intvecs:retain</name>
         <load_address>0x0</load_address>
         <run_address>0x0</run_address>
         <size>0xe4</size>
         <input_file_ref idref="fl-9"/>
      </object_component>
      <object_component id="oc-bf">
         <name>.text</name>
         <load_address>0xe4</load_address>
         <run_address>0xe4</run_address>
         <size>0xd7c</size>
         <input_file_ref idref="fl-11"/>
      </object_component>
      <object_component id="oc-1bd">
         <name>.text:__TI_printfi</name>
         <load_address>0xe60</load_address>
         <run_address>0xe60</run_address>
         <size>0xa4e</size>
         <input_file_ref idref="fl-e5"/>
      </object_component>
      <object_component id="oc-2c0">
         <name>.text:_nop</name>
         <load_address>0x18ae</load_address>
         <run_address>0x18ae</run_address>
         <size>0x2</size>
         <input_file_ref idref="fl-fa"/>
      </object_component>
      <object_component id="oc-cb">
         <name>.text</name>
         <load_address>0x18b0</load_address>
         <run_address>0x18b0</run_address>
         <size>0x798</size>
         <input_file_ref idref="fl-23"/>
      </object_component>
      <object_component id="oc-c5">
         <name>.text</name>
         <load_address>0x2048</load_address>
         <run_address>0x2048</run_address>
         <size>0x480</size>
         <input_file_ref idref="fl-15"/>
      </object_component>
      <object_component id="oc-20c">
         <name>.text</name>
         <load_address>0x24c8</load_address>
         <run_address>0x24c8</run_address>
         <size>0x41c</size>
         <input_file_ref idref="fl-24"/>
      </object_component>
      <object_component id="oc-d1">
         <name>.text</name>
         <load_address>0x28e4</load_address>
         <run_address>0x28e4</run_address>
         <size>0x3f0</size>
         <input_file_ref idref="fl-17"/>
      </object_component>
      <object_component id="oc-b8">
         <name>.text</name>
         <load_address>0x2cd4</load_address>
         <run_address>0x2cd4</run_address>
         <size>0x334</size>
         <input_file_ref idref="fl-a"/>
      </object_component>
      <object_component id="oc-29c">
         <name>.text:_pconv_a</name>
         <load_address>0x3008</load_address>
         <run_address>0x3008</run_address>
         <size>0x270</size>
         <input_file_ref idref="fl-e5"/>
      </object_component>
      <object_component id="oc-18e">
         <name>.text</name>
         <load_address>0x3278</load_address>
         <run_address>0x3278</run_address>
         <size>0x244</size>
         <input_file_ref idref="fl-20"/>
      </object_component>
      <object_component id="oc-e9">
         <name>.text</name>
         <load_address>0x34bc</load_address>
         <run_address>0x34bc</run_address>
         <size>0x1fc</size>
         <input_file_ref idref="fl-8"/>
      </object_component>
      <object_component id="oc-28a">
         <name>.text:_pconv_g</name>
         <load_address>0x36b8</load_address>
         <run_address>0x36b8</run_address>
         <size>0x1d0</size>
         <input_file_ref idref="fl-e5"/>
      </object_component>
      <object_component id="oc-354">
         <name>.text</name>
         <load_address>0x3888</load_address>
         <run_address>0x3888</run_address>
         <size>0x1b6</size>
         <input_file_ref idref="fl-ef"/>
      </object_component>
      <object_component id="oc-3e3">
         <name>.text</name>
         <load_address>0x3a3e</load_address>
         <run_address>0x3a3e</run_address>
         <size>0x2</size>
         <input_file_ref idref="fl-10c"/>
      </object_component>
      <object_component id="oc-a6">
         <name>.text</name>
         <load_address>0x3a40</load_address>
         <run_address>0x3a40</run_address>
         <size>0x19c</size>
         <input_file_ref idref="fl-5"/>
      </object_component>
      <object_component id="oc-296">
         <name>.text:_pconv_e</name>
         <load_address>0x3bdc</load_address>
         <run_address>0x3bdc</run_address>
         <size>0x13c</size>
         <input_file_ref idref="fl-e5"/>
      </object_component>
      <object_component id="oc-33a">
         <name>.text</name>
         <load_address>0x3d18</load_address>
         <run_address>0x3d18</run_address>
         <size>0x136</size>
         <input_file_ref idref="fl-f1"/>
      </object_component>
      <object_component id="oc-366">
         <name>.text:fcvt</name>
         <load_address>0x3e50</load_address>
         <run_address>0x3e50</run_address>
         <size>0x124</size>
         <input_file_ref idref="fl-e5"/>
      </object_component>
      <object_component id="oc-2ce">
         <name>.text:fputs</name>
         <load_address>0x3f74</load_address>
         <run_address>0x3f74</run_address>
         <size>0x114</size>
         <input_file_ref idref="fl-e7"/>
      </object_component>
      <object_component id="oc-37a">
         <name>.text:scalbn</name>
         <load_address>0x4088</load_address>
         <run_address>0x4088</run_address>
         <size>0x110</size>
         <input_file_ref idref="fl-eb"/>
      </object_component>
      <object_component id="oc-12c">
         <name>.text</name>
         <load_address>0x4198</load_address>
         <run_address>0x4198</run_address>
         <size>0x10c</size>
         <input_file_ref idref="fl-b"/>
      </object_component>
      <object_component id="oc-48e">
         <name>.text:aligned_alloc</name>
         <load_address>0x42a4</load_address>
         <run_address>0x42a4</run_address>
         <size>0x100</size>
         <input_file_ref idref="fl-101"/>
      </object_component>
      <object_component id="oc-335">
         <name>.text</name>
         <load_address>0x43a4</load_address>
         <run_address>0x43a4</run_address>
         <size>0xfc</size>
         <input_file_ref idref="fl-f2"/>
      </object_component>
      <object_component id="oc-44c">
         <name>.text:free</name>
         <load_address>0x44a0</load_address>
         <run_address>0x44a0</run_address>
         <size>0xe4</size>
         <input_file_ref idref="fl-101"/>
      </object_component>
      <object_component id="oc-41e">
         <name>.text:setvbuf</name>
         <load_address>0x4584</load_address>
         <run_address>0x4584</run_address>
         <size>0xdc</size>
         <input_file_ref idref="fl-e9"/>
      </object_component>
      <object_component id="oc-120">
         <name>.text</name>
         <load_address>0x4660</load_address>
         <run_address>0x4660</run_address>
         <size>0xd8</size>
         <input_file_ref idref="fl-25"/>
      </object_component>
      <object_component id="oc-27f">
         <name>.text:_ltostr</name>
         <load_address>0x4738</load_address>
         <run_address>0x4738</run_address>
         <size>0xb1</size>
         <input_file_ref idref="fl-e5"/>
      </object_component>
      <object_component id="oc-70">
         <name>.text</name>
         <load_address>0x47ec</load_address>
         <run_address>0x47ec</run_address>
         <size>0xb0</size>
         <input_file_ref idref="fl-6"/>
      </object_component>
      <object_component id="oc-3a">
         <name>.text</name>
         <load_address>0x489c</load_address>
         <run_address>0x489c</run_address>
         <size>0x9c</size>
         <input_file_ref idref="fl-f5"/>
      </object_component>
      <object_component id="oc-32e">
         <name>.text</name>
         <load_address>0x4938</load_address>
         <run_address>0x4938</run_address>
         <size>0x96</size>
         <input_file_ref idref="fl-ed"/>
      </object_component>
      <object_component id="oc-2d5">
         <name>.text:fputc</name>
         <load_address>0x49d0</load_address>
         <run_address>0x49d0</run_address>
         <size>0x8c</size>
         <input_file_ref idref="fl-e6"/>
      </object_component>
      <object_component id="oc-285">
         <name>.text:__aeabi_cdcmple</name>
         <load_address>0x4a5c</load_address>
         <run_address>0x4a5c</run_address>
         <size>0x86</size>
         <input_file_ref idref="fl-f0"/>
      </object_component>
      <object_component id="oc-33f">
         <name>.text:__aeabi_cdrcmple</name>
         <load_address>0x4ae2</load_address>
         <run_address>0x4ae2</run_address>
         <size>0x86</size>
         <input_file_ref idref="fl-f0"/>
      </object_component>
      <object_component id="oc-9a">
         <name>.text</name>
         <load_address>0x4b68</load_address>
         <run_address>0x4b68</run_address>
         <size>0x7a</size>
         <input_file_ref idref="fl-ee"/>
      </object_component>
      <object_component id="oc-495">
         <name>.text:__TI_closefile</name>
         <load_address>0x4be4</load_address>
         <run_address>0x4be4</run_address>
         <size>0x74</size>
         <input_file_ref idref="fl-11b"/>
      </object_component>
      <object_component id="oc-132">
         <name>.text</name>
         <load_address>0x4c58</load_address>
         <run_address>0x4c58</run_address>
         <size>0x74</size>
         <input_file_ref idref="fl-3"/>
      </object_component>
      <object_component id="oc-4d6">
         <name>.text:split</name>
         <load_address>0x4ccc</load_address>
         <run_address>0x4ccc</run_address>
         <size>0x70</size>
         <input_file_ref idref="fl-101"/>
      </object_component>
      <object_component id="oc-35f">
         <name>.text:_mcpy</name>
         <load_address>0x4d3c</load_address>
         <run_address>0x4d3c</run_address>
         <size>0x6e</size>
         <input_file_ref idref="fl-e5"/>
      </object_component>
      <object_component id="oc-4c5">
         <name>.text:HOSTrename</name>
         <load_address>0x4dac</load_address>
         <run_address>0x4dac</run_address>
         <size>0x6c</size>
         <input_file_ref idref="fl-115"/>
      </object_component>
      <object_component id="oc-126">
         <name>.text</name>
         <load_address>0x4e18</load_address>
         <run_address>0x4e18</run_address>
         <size>0x6c</size>
         <input_file_ref idref="fl-4"/>
      </object_component>
      <object_component id="oc-4b9">
         <name>.text:HOSTlseek</name>
         <load_address>0x4e84</load_address>
         <run_address>0x4e84</run_address>
         <size>0x68</size>
         <input_file_ref idref="fl-112"/>
      </object_component>
      <object_component id="oc-17">
         <name>.text:decompress:lzss:__TI_decompress_lzss</name>
         <load_address>0x4eec</load_address>
         <run_address>0x4eec</run_address>
         <size>0x68</size>
         <input_file_ref idref="fl-f8"/>
      </object_component>
      <object_component id="oc-d7">
         <name>.text:printf</name>
         <load_address>0x4f54</load_address>
         <run_address>0x4f54</run_address>
         <size>0x68</size>
         <input_file_ref idref="fl-e4"/>
      </object_component>
      <object_component id="oc-76">
         <name>.text</name>
         <load_address>0x4fbc</load_address>
         <run_address>0x4fbc</run_address>
         <size>0x64</size>
         <input_file_ref idref="fl-2"/>
      </object_component>
      <object_component id="oc-374">
         <name>.text:frexp</name>
         <load_address>0x5020</load_address>
         <run_address>0x5020</run_address>
         <size>0x64</size>
         <input_file_ref idref="fl-ea"/>
      </object_component>
      <object_component id="oc-418">
         <name>.text:fseek</name>
         <load_address>0x5084</load_address>
         <run_address>0x5084</run_address>
         <size>0x64</size>
         <input_file_ref idref="fl-10b"/>
      </object_component>
      <object_component id="oc-3ab">
         <name>.text:__TI_wrt_ok</name>
         <load_address>0x50e8</load_address>
         <run_address>0x50e8</run_address>
         <size>0x62</size>
         <input_file_ref idref="fl-e8"/>
      </object_component>
      <object_component id="oc-4a1">
         <name>.text:HOSTopen</name>
         <load_address>0x514c</load_address>
         <run_address>0x514c</run_address>
         <size>0x60</size>
         <input_file_ref idref="fl-113"/>
      </object_component>
      <object_component id="oc-4dd">
         <name>.text:close</name>
         <load_address>0x51ac</load_address>
         <run_address>0x51ac</run_address>
         <size>0x5c</size>
         <input_file_ref idref="fl-121"/>
      </object_component>
      <object_component id="oc-4ad">
         <name>.text:HOSTread</name>
         <load_address>0x5208</load_address>
         <run_address>0x5208</run_address>
         <size>0x58</size>
         <input_file_ref idref="fl-114"/>
      </object_component>
      <object_component id="oc-4b3">
         <name>.text:HOSTwrite</name>
         <load_address>0x5260</load_address>
         <run_address>0x5260</run_address>
         <size>0x58</size>
         <input_file_ref idref="fl-117"/>
      </object_component>
      <object_component id="oc-290">
         <name>.text:_pconv_f</name>
         <load_address>0x52b8</load_address>
         <run_address>0x52b8</run_address>
         <size>0x56</size>
         <input_file_ref idref="fl-e5"/>
      </object_component>
      <object_component id="oc-349">
         <name>.text:__TI_ltoa</name>
         <load_address>0x530e</load_address>
         <run_address>0x530e</run_address>
         <size>0x54</size>
         <input_file_ref idref="fl-fb"/>
      </object_component>
      <object_component id="oc-359">
         <name>.text:_ecpy</name>
         <load_address>0x5362</load_address>
         <run_address>0x5362</run_address>
         <size>0x52</size>
         <input_file_ref idref="fl-e5"/>
      </object_component>
      <object_component id="oc-3b7">
         <name>.text:__TI_doflush</name>
         <load_address>0x53b4</load_address>
         <run_address>0x53b4</run_address>
         <size>0x4c</size>
         <input_file_ref idref="fl-109"/>
      </object_component>
      <object_component id="oc-279">
         <name>.text:atoi</name>
         <load_address>0x5400</load_address>
         <run_address>0x5400</run_address>
         <size>0x4c</size>
         <input_file_ref idref="fl-fc"/>
      </object_component>
      <object_component id="oc-14f">
         <name>.text:exit</name>
         <load_address>0x544c</load_address>
         <run_address>0x544c</run_address>
         <size>0x48</size>
         <input_file_ref idref="fl-f9"/>
      </object_component>
      <object_component id="oc-344">
         <name>.text</name>
         <load_address>0x5494</load_address>
         <run_address>0x5494</run_address>
         <size>0x48</size>
         <input_file_ref idref="fl-f3"/>
      </object_component>
      <object_component id="oc-4a7">
         <name>.text:HOSTclose</name>
         <load_address>0x54dc</load_address>
         <run_address>0x54dc</run_address>
         <size>0x44</size>
         <input_file_ref idref="fl-111"/>
      </object_component>
      <object_component id="oc-4bf">
         <name>.text:HOSTunlink</name>
         <load_address>0x5520</load_address>
         <run_address>0x5520</run_address>
         <size>0x44</size>
         <input_file_ref idref="fl-116"/>
      </object_component>
      <object_component id="oc-155">
         <name>.text:__TI_auto_init_nobinit_nopinit:__TI_auto_init_nobinit_nopinit</name>
         <load_address>0x5564</load_address>
         <run_address>0x5564</run_address>
         <size>0x44</size>
         <input_file_ref idref="fl-10d"/>
      </object_component>
      <object_component id="oc-515">
         <name>.text:getdevice</name>
         <load_address>0x55a8</load_address>
         <run_address>0x55a8</run_address>
         <size>0x44</size>
         <input_file_ref idref="fl-11c"/>
      </object_component>
      <object_component id="oc-36c">
         <name>.text:_fcpy</name>
         <load_address>0x55ec</load_address>
         <run_address>0x55ec</run_address>
         <size>0x3e</size>
         <input_file_ref idref="fl-e5"/>
      </object_component>
      <object_component id="oc-1a0">
         <name>.text</name>
         <load_address>0x562a</load_address>
         <run_address>0x562a</run_address>
         <size>0x3e</size>
         <input_file_ref idref="fl-f"/>
      </object_component>
      <object_component id="oc-4ee">
         <name>.text:__TI_writemsg</name>
         <load_address>0x5668</load_address>
         <run_address>0x5668</run_address>
         <size>0x38</size>
         <input_file_ref idref="fl-118"/>
      </object_component>
      <object_component id="oc-537">
         <name>.text:strncpy</name>
         <load_address>0x56a0</load_address>
         <run_address>0x56a0</run_address>
         <size>0x36</size>
         <input_file_ref idref="fl-11f"/>
      </object_component>
      <object_component id="oc-458">
         <name>.text:__TI_cleanup</name>
         <load_address>0x56d8</load_address>
         <run_address>0x56d8</run_address>
         <size>0x34</size>
         <input_file_ref idref="fl-10a"/>
      </object_component>
      <object_component id="oc-4f4">
         <name>.text:__TI_readmsg</name>
         <load_address>0x570c</load_address>
         <run_address>0x570c</run_address>
         <size>0x34</size>
         <input_file_ref idref="fl-118"/>
      </object_component>
      <object_component id="oc-58">
         <name>.text:_c_int00_noargs:_c_int00_noargs</name>
         <load_address>0x5740</load_address>
         <run_address>0x5740</run_address>
         <size>0x34</size>
         <input_file_ref idref="fl-105"/>
      </object_component>
      <object_component id="oc-53d">
         <name>.text:finddevice</name>
         <load_address>0x5774</load_address>
         <run_address>0x5774</run_address>
         <size>0x30</size>
         <input_file_ref idref="fl-11c"/>
      </object_component>
      <object_component id="oc-34f">
         <name>.text</name>
         <load_address>0x57a4</load_address>
         <run_address>0x57a4</run_address>
         <size>0x2e</size>
         <input_file_ref idref="fl-f4"/>
      </object_component>
      <object_component id="oc-4e3">
         <name>.text:unlink</name>
         <load_address>0x57d4</load_address>
         <run_address>0x57d4</run_address>
         <size>0x2c</size>
         <input_file_ref idref="fl-122"/>
      </object_component>
      <object_component id="oc-487">
         <name>.text:free_list_insert</name>
         <load_address>0x5800</load_address>
         <run_address>0x5800</run_address>
         <size>0x28</size>
         <input_file_ref idref="fl-101"/>
      </object_component>
      <object_component id="oc-444">
         <name>.text:lseek</name>
         <load_address>0x5828</load_address>
         <run_address>0x5828</run_address>
         <size>0x28</size>
         <input_file_ref idref="fl-11a"/>
      </object_component>
      <object_component id="oc-3bd">
         <name>.text:write</name>
         <load_address>0x5850</load_address>
         <run_address>0x5850</run_address>
         <size>0x28</size>
         <input_file_ref idref="fl-106"/>
      </object_component>
      <object_component id="oc-3b1">
         <name>.text:memchr</name>
         <load_address>0x5878</load_address>
         <run_address>0x5878</run_address>
         <size>0x20</size>
         <input_file_ref idref="fl-100"/>
      </object_component>
      <object_component id="oc-46">
         <name>.text:decompress:ZI:__TI_zero_init_nomemset:__TI_zero_init_nomemset</name>
         <load_address>0x5898</load_address>
         <run_address>0x5898</run_address>
         <size>0x1c</size>
         <input_file_ref idref="fl-f6"/>
      </object_component>
      <object_component id="oc-481">
         <name>.text:free_list_remove</name>
         <load_address>0x58b4</load_address>
         <run_address>0x58b4</run_address>
         <size>0x1c</size>
         <input_file_ref idref="fl-101"/>
      </object_component>
      <object_component id="oc-2a2">
         <name>.text:memccpy</name>
         <load_address>0x58d0</load_address>
         <run_address>0x58d0</run_address>
         <size>0x1c</size>
         <input_file_ref idref="fl-ff"/>
      </object_component>
      <object_component id="oc-3fc">
         <name>.text:copysign</name>
         <load_address>0x58ec</load_address>
         <run_address>0x58ec</run_address>
         <size>0x1a</size>
         <input_file_ref idref="fl-ec"/>
      </object_component>
      <object_component id="oc-554">
         <name>.text:strcmp</name>
         <load_address>0x5906</load_address>
         <run_address>0x5906</run_address>
         <size>0x18</size>
         <input_file_ref idref="fl-11d"/>
      </object_component>
      <object_component id="oc-380">
         <name>.text:strchr</name>
         <load_address>0x591e</load_address>
         <run_address>0x591e</run_address>
         <size>0x16</size>
         <input_file_ref idref="fl-102"/>
      </object_component>
      <object_component id="oc-508">
         <name>.text:strcpy</name>
         <load_address>0x5934</load_address>
         <run_address>0x5934</run_address>
         <size>0x14</size>
         <input_file_ref idref="fl-11e"/>
      </object_component>
      <object_component id="oc-273">
         <name>.text:strlen</name>
         <load_address>0x5948</load_address>
         <run_address>0x5948</run_address>
         <size>0x14</size>
         <input_file_ref idref="fl-103"/>
      </object_component>
      <object_component id="oc-2a8">
         <name>.text:wcslen</name>
         <load_address>0x595c</load_address>
         <run_address>0x595c</run_address>
         <size>0x12</size>
         <input_file_ref idref="fl-108"/>
      </object_component>
      <object_component id="oc-1d">
         <name>.text:decompress:none:__TI_decompress_none</name>
         <load_address>0x596e</load_address>
         <run_address>0x596e</run_address>
         <size>0xe</size>
         <input_file_ref idref="fl-f7"/>
      </object_component>
      <object_component id="oc-6a">
         <name>.text</name>
         <load_address>0x597c</load_address>
         <run_address>0x597c</run_address>
         <size>0xe</size>
         <input_file_ref idref="fl-9"/>
      </object_component>
      <object_component id="oc-2ae">
         <name>.text:__aeabi_errno_addr</name>
         <load_address>0x598c</load_address>
         <run_address>0x598c</run_address>
         <size>0x8</size>
         <input_file_ref idref="fl-104"/>
      </object_component>
      <object_component id="oc-452">
         <name>.text:malloc</name>
         <load_address>0x5994</load_address>
         <run_address>0x5994</run_address>
         <size>0x8</size>
         <input_file_ref idref="fl-101"/>
      </object_component>
      <object_component id="oc-1cf">
         <name>.text:_outc</name>
         <load_address>0x599c</load_address>
         <run_address>0x599c</run_address>
         <size>0x4</size>
         <input_file_ref idref="fl-e4"/>
      </object_component>
      <object_component id="oc-1c9">
         <name>.text:_outs</name>
         <load_address>0x59a0</load_address>
         <run_address>0x59a0</run_address>
         <size>0x4</size>
         <input_file_ref idref="fl-e4"/>
      </object_component>
      <object_component id="oc-a0">
         <name>.text:_system_pre_init</name>
         <load_address>0x59a4</load_address>
         <run_address>0x59a4</run_address>
         <size>0x4</size>
         <input_file_ref idref="fl-10e"/>
      </object_component>
      <object_component id="oc-149">
         <name>.text:abort:abort</name>
         <load_address>0x59a8</load_address>
         <run_address>0x59a8</run_address>
         <size>0x4</size>
         <input_file_ref idref="fl-f9"/>
      </object_component>
      <object_component id="oc-329">
         <name>.const:.string:_ctypes_</name>
         <load_address>0x59ac</load_address>
         <run_address>0x59ac</run_address>
         <size>0x101</size>
         <input_file_ref idref="fl-fd"/>
      </object_component>
      <object_component id="oc-13b">
         <name>.const:$P$T0$1</name>
         <load_address>0x5aad</load_address>
         <run_address>0x5aad</run_address>
         <size>0x2</size>
         <input_file_ref idref="fl-5"/>
      </object_component>
      <object_component id="oc-ef">
         <name>.const:$P$T0$1</name>
         <load_address>0x5aaf</load_address>
         <run_address>0x5aaf</run_address>
         <size>0x1</size>
         <input_file_ref idref="fl-2"/>
      </object_component>
      <object_component id="oc-1ac">
         <name>.const:g_pulRegs</name>
         <load_address>0x5ab0</load_address>
         <run_address>0x5ab0</run_address>
         <size>0x50</size>
         <input_file_ref idref="fl-17"/>
      </object_component>
      <object_component id="oc-212">
         <name>.const:uartConfig</name>
         <load_address>0x5b00</load_address>
         <run_address>0x5b00</run_address>
         <size>0x24</size>
         <input_file_ref idref="fl-3"/>
      </object_component>
      <object_component id="oc-1a9">
         <name>.const:g_pulPriority</name>
         <load_address>0x5b24</load_address>
         <run_address>0x5b24</run_address>
         <size>0x20</size>
         <input_file_ref idref="fl-17"/>
      </object_component>
      <object_component id="oc-199">
         <name>.const:GPIO_PORT_TO_INT</name>
         <load_address>0x5b44</load_address>
         <run_address>0x5b44</run_address>
         <size>0x1c</size>
         <input_file_ref idref="fl-15"/>
      </object_component>
      <object_component id="oc-dd">
         <name>.const:upConfig</name>
         <load_address>0x5b60</load_address>
         <run_address>0x5b60</run_address>
         <size>0x18</size>
         <input_file_ref idref="fl-6"/>
      </object_component>
      <object_component id="oc-1ff">
         <name>.const:upModeConfig</name>
         <load_address>0x5b78</load_address>
         <run_address>0x5b78</run_address>
         <size>0x18</size>
         <input_file_ref idref="fl-b"/>
      </object_component>
      <object_component id="oc-202">
         <name>.const:compareModeConfig200ms</name>
         <load_address>0x5b90</load_address>
         <run_address>0x5b90</run_address>
         <size>0x10</size>
         <input_file_ref idref="fl-b"/>
      </object_component>
      <object_component id="oc-1b2">
         <name>.const:g_pulDisRegs</name>
         <load_address>0x5ba0</load_address>
         <run_address>0x5ba0</run_address>
         <size>0x8</size>
         <input_file_ref idref="fl-17"/>
      </object_component>
      <object_component id="oc-1af">
         <name>.const:g_pulEnRegs</name>
         <load_address>0x5ba8</load_address>
         <run_address>0x5ba8</run_address>
         <size>0x8</size>
         <input_file_ref idref="fl-17"/>
      </object_component>
      <object_component id="oc-1b5">
         <name>.const:g_pulPendRegs</name>
         <load_address>0x5bb0</load_address>
         <run_address>0x5bb0</run_address>
         <size>0x8</size>
         <input_file_ref idref="fl-17"/>
      </object_component>
      <object_component id="oc-1b8">
         <name>.const:g_pulUnpendRegs</name>
         <load_address>0x5bb8</load_address>
         <run_address>0x5bb8</run_address>
         <size>0x8</size>
         <input_file_ref idref="fl-17"/>
      </object_component>
      <object_component id="oc-205">
         <name>.const:$P$T0$1</name>
         <load_address>0x5bc0</load_address>
         <run_address>0x5bc0</run_address>
         <size>0x1</size>
         <input_file_ref idref="fl-b"/>
      </object_component>
      <object_component id="oc-208">
         <name>.const:$P$T1$2</name>
         <load_address>0x5bc1</load_address>
         <run_address>0x5bc1</run_address>
         <size>0x1</size>
         <input_file_ref idref="fl-b"/>
      </object_component>
      <object_component id="oc-595">
         <name>.cinit..data.load</name>
         <load_address>0x5bc8</load_address>
         <run_address>0x5bc8</run_address>
         <size>0x93</size>
      </object_component>
      <object_component id="oc-592">
         <name>__TI_handler_table</name>
         <load_address>0x5c5c</load_address>
         <run_address>0x5c5c</run_address>
         <size>0xc</size>
      </object_component>
      <object_component id="oc-596">
         <name>.cinit..bss.load</name>
         <load_address>0x5c68</load_address>
         <run_address>0x5c68</run_address>
         <size>0x8</size>
      </object_component>
      <object_component id="oc-594">
         <name>.cinit..vtable.load</name>
         <load_address>0x5c70</load_address>
         <run_address>0x5c70</run_address>
         <size>0x8</size>
      </object_component>
      <object_component id="oc-593">
         <name>__TI_cinit_table</name>
         <load_address>0x5c78</load_address>
         <run_address>0x5c78</run_address>
         <size>0x18</size>
      </object_component>
      <object_component id="oc-566">
         <name>.binit</name>
         <load_address>0x0</load_address>
         <run_address>0x0</run_address>
         <size>0x0</size>
      </object_component>
      <object_component id="oc-1a6">
         <name>.vtable</name>
         <uninitialized>true</uninitialized>
         <run_address>0x20000000</run_address>
         <size>0xe4</size>
         <input_file_ref idref="fl-17"/>
      </object_component>
      <object_component id="oc-138">
         <name>.data</name>
         <load_address>0x20000702</load_address>
         <run_address>0x20000702</run_address>
         <size>0x1</size>
         <input_file_ref idref="fl-5"/>
      </object_component>
      <object_component id="oc-e0">
         <name>.data</name>
         <load_address>0x20000703</load_address>
         <run_address>0x20000703</run_address>
         <size>0x1</size>
         <input_file_ref idref="fl-6"/>
      </object_component>
      <object_component id="oc-1ef">
         <name>.data</name>
         <load_address>0x200006fc</load_address>
         <run_address>0x200006fc</run_address>
         <size>0x6</size>
         <input_file_ref idref="fl-8"/>
      </object_component>
      <object_component id="oc-187">
         <name>.data</name>
         <load_address>0x20000708</load_address>
         <run_address>0x20000708</run_address>
         <size>0x4</size>
         <input_file_ref idref="fl-a"/>
      </object_component>
      <object_component id="oc-196">
         <name>.data:GPIO_PORT_TO_BASE</name>
         <load_address>0x200006a0</load_address>
         <run_address>0x200006a0</run_address>
         <size>0x30</size>
         <input_file_ref idref="fl-15"/>
      </object_component>
      <object_component id="oc-222">
         <name>.data:$O1$$</name>
         <load_address>0x200006e0</load_address>
         <run_address>0x200006e0</run_address>
         <size>0xc</size>
         <input_file_ref idref="fl-f9"/>
      </object_component>
      <object_component id="oc-1c3">
         <name>.data:$O1$$</name>
         <load_address>0x200006ec</load_address>
         <run_address>0x200006ec</run_address>
         <size>0x8</size>
         <input_file_ref idref="fl-fa"/>
      </object_component>
      <object_component id="oc-1c6">
         <name>.data:_ftable</name>
         <load_address>0x200004e8</load_address>
         <run_address>0x200004e8</run_address>
         <size>0xf0</size>
         <input_file_ref idref="fl-fe"/>
      </object_component>
      <object_component id="oc-49b">
         <name>.data</name>
         <load_address>0x200006d0</load_address>
         <run_address>0x200006d0</run_address>
         <size>0x10</size>
         <input_file_ref idref="fl-fe"/>
      </object_component>
      <object_component id="oc-4d1">
         <name>.data:$O1$$</name>
         <load_address>0x200006f4</load_address>
         <run_address>0x200006f4</run_address>
         <size>0x8</size>
         <input_file_ref idref="fl-101"/>
      </object_component>
      <object_component id="oc-390">
         <name>.data</name>
         <load_address>0x20000704</load_address>
         <run_address>0x20000704</run_address>
         <size>0x4</size>
         <input_file_ref idref="fl-104"/>
      </object_component>
      <object_component id="oc-46b">
         <name>.data:_device</name>
         <load_address>0x200005d8</load_address>
         <run_address>0x200005d8</run_address>
         <size>0x78</size>
         <input_file_ref idref="fl-107"/>
      </object_component>
      <object_component id="oc-42a">
         <name>.data:_stream</name>
         <load_address>0x20000650</load_address>
         <run_address>0x20000650</run_address>
         <size>0x50</size>
         <input_file_ref idref="fl-107"/>
      </object_component>
      <object_component id="oc-1e6">
         <name>.bss:high_priority_queue</name>
         <uninitialized>true</uninitialized>
         <run_address>0x200008d4</run_address>
         <size>0x8</size>
         <input_file_ref idref="fl-8"/>
      </object_component>
      <object_component id="oc-1e9">
         <name>.bss:medium_priority_queue</name>
         <uninitialized>true</uninitialized>
         <run_address>0x200008e4</run_address>
         <size>0x8</size>
         <input_file_ref idref="fl-8"/>
      </object_component>
      <object_component id="oc-1ec">
         <name>.bss:low_priority_queue</name>
         <uninitialized>true</uninitialized>
         <run_address>0x200008dc</run_address>
         <size>0x8</size>
         <input_file_ref idref="fl-8"/>
      </object_component>
      <object_component id="oc-18b">
         <name>.bss</name>
         <uninitialized>true</uninitialized>
         <run_address>0x200008cc</run_address>
         <size>0x8</size>
         <input_file_ref idref="fl-11"/>
      </object_component>
      <object_component id="oc-51f">
         <name>.bss:_CIOBUF_</name>
         <uninitialized>true</uninitialized>
         <run_address>0x2000070c</run_address>
         <size>0x120</size>
         <input_file_ref idref="fl-118"/>
      </object_component>
      <object_component id="oc-4e9">
         <name>.common:__TI_tmpnams</name>
         <uninitialized>true</uninitialized>
         <run_address>0x2000082c</run_address>
         <size>0xa0</size>
      </object_component>
      <object_component id="oc-4fa">
         <name>.common:parmbuf</name>
         <uninitialized>true</uninitialized>
         <run_address>0x200008ec</run_address>
         <size>0x8</size>
      </object_component>
      <object_component id="oc-29">
         <name>.sysmem</name>
         <uninitialized>true</uninitialized>
         <run_address>0x200000e8</run_address>
         <size>0x10</size>
         <input_file_ref idref="fl-101"/>
      </object_component>
      <object_component id="oc-599">
         <name>.sysmem</name>
         <uninitialized>true</uninitialized>
         <run_address>0x200000e8</run_address>
         <size>0x0</size>
      </object_component>
      <object_component id="oc-2c">
         <name>.stack</name>
         <uninitialized>true</uninitialized>
         <run_address>0x2000fe00</run_address>
         <size>0x4</size>
         <input_file_ref idref="fl-105"/>
      </object_component>
      <object_component id="oc-598">
         <name>.stack</name>
         <uninitialized>true</uninitialized>
         <run_address>0x2000fe00</run_address>
         <size>0x0</size>
      </object_component>
      <object_component id="oc-1f6">
         <name>.debug_info</name>
         <load_address>0x0</load_address>
         <run_address>0x0</run_address>
         <size>0x716</size>
         <input_file_ref idref="fl-2"/>
      </object_component>
      <object_component id="oc-f0">
         <name>.debug_info</name>
         <load_address>0x716</load_address>
         <run_address>0x716</run_address>
         <size>0xcc</size>
         <input_file_ref idref="fl-2"/>
      </object_component>
      <object_component id="oc-78">
         <name>.debug_info</name>
         <load_address>0x7e2</load_address>
         <run_address>0x7e2</run_address>
         <size>0x356</size>
         <input_file_ref idref="fl-2"/>
      </object_component>
      <object_component id="oc-f8">
         <name>.debug_info</name>
         <load_address>0xb38</load_address>
         <run_address>0xb38</run_address>
         <size>0xbb</size>
         <input_file_ref idref="fl-2"/>
      </object_component>
      <object_component id="oc-ff">
         <name>.debug_info</name>
         <load_address>0xbf3</load_address>
         <run_address>0xbf3</run_address>
         <size>0x26b</size>
         <input_file_ref idref="fl-2"/>
      </object_component>
      <object_component id="oc-250">
         <name>.debug_info</name>
         <load_address>0xe5e</load_address>
         <run_address>0xe5e</run_address>
         <size>0x1055</size>
         <input_file_ref idref="fl-2"/>
      </object_component>
      <object_component id="oc-2f1">
         <name>.debug_info</name>
         <load_address>0x1eb3</load_address>
         <run_address>0x1eb3</run_address>
         <size>0x37e2</size>
         <input_file_ref idref="fl-2"/>
      </object_component>
      <object_component id="oc-246">
         <name>.debug_info</name>
         <load_address>0x5695</load_address>
         <run_address>0x5695</run_address>
         <size>0x1b5</size>
         <input_file_ref idref="fl-2"/>
      </object_component>
      <object_component id="oc-25d">
         <name>.debug_info</name>
         <load_address>0x584a</load_address>
         <run_address>0x584a</run_address>
         <size>0x341</size>
         <input_file_ref idref="fl-2"/>
      </object_component>
      <object_component id="oc-35">
         <name>.debug_info</name>
         <load_address>0x5b8b</load_address>
         <run_address>0x5b8b</run_address>
         <size>0x84</size>
         <input_file_ref idref="fl-2"/>
      </object_component>
      <object_component id="oc-1f7">
         <name>.debug_info</name>
         <load_address>0x5c0f</load_address>
         <run_address>0x5c0f</run_address>
         <size>0x2a4</size>
         <input_file_ref idref="fl-2"/>
      </object_component>
      <object_component id="oc-f3">
         <name>.debug_info</name>
         <load_address>0x5eb3</load_address>
         <run_address>0x5eb3</run_address>
         <size>0xef</size>
         <input_file_ref idref="fl-2"/>
      </object_component>
      <object_component id="oc-13f">
         <name>.debug_info</name>
         <load_address>0x5fa2</load_address>
         <run_address>0x5fa2</run_address>
         <size>0xbb</size>
         <input_file_ref idref="fl-2"/>
      </object_component>
      <object_component id="oc-117">
         <name>.debug_info</name>
         <load_address>0x605d</load_address>
         <run_address>0x605d</run_address>
         <size>0x2c</size>
         <input_file_ref idref="fl-2"/>
      </object_component>
      <object_component id="oc-307">
         <name>.debug_info</name>
         <load_address>0x6089</load_address>
         <run_address>0x6089</run_address>
         <size>0xee</size>
         <input_file_ref idref="fl-2"/>
      </object_component>
      <object_component id="oc-216">
         <name>.debug_info</name>
         <load_address>0x6177</load_address>
         <run_address>0x6177</run_address>
         <size>0x6a1</size>
         <input_file_ref idref="fl-3"/>
      </object_component>
      <object_component id="oc-213">
         <name>.debug_info</name>
         <load_address>0x6818</load_address>
         <run_address>0x6818</run_address>
         <size>0xda</size>
         <input_file_ref idref="fl-3"/>
      </object_component>
      <object_component id="oc-134">
         <name>.debug_info</name>
         <load_address>0x68f2</load_address>
         <run_address>0x68f2</run_address>
         <size>0x289</size>
         <input_file_ref idref="fl-3"/>
      </object_component>
      <object_component id="oc-24b">
         <name>.debug_info</name>
         <load_address>0x6b7b</load_address>
         <run_address>0x6b7b</run_address>
         <size>0x37e2</size>
         <input_file_ref idref="fl-3"/>
      </object_component>
      <object_component id="oc-e4">
         <name>.debug_info</name>
         <load_address>0xa35d</load_address>
         <run_address>0xa35d</run_address>
         <size>0x8b</size>
         <input_file_ref idref="fl-3"/>
      </object_component>
      <object_component id="oc-127">
         <name>.debug_info</name>
         <load_address>0xa3e8</load_address>
         <run_address>0xa3e8</run_address>
         <size>0x381</size>
         <input_file_ref idref="fl-4"/>
      </object_component>
      <object_component id="oc-220">
         <name>.debug_info</name>
         <load_address>0xa769</load_address>
         <run_address>0xa769</run_address>
         <size>0x8d1</size>
         <input_file_ref idref="fl-5"/>
      </object_component>
      <object_component id="oc-139">
         <name>.debug_info</name>
         <load_address>0xb03a</load_address>
         <run_address>0xb03a</run_address>
         <size>0xc7</size>
         <input_file_ref idref="fl-5"/>
      </object_component>
      <object_component id="oc-13c">
         <name>.debug_info</name>
         <load_address>0xb101</load_address>
         <run_address>0xb101</run_address>
         <size>0xca</size>
         <input_file_ref idref="fl-5"/>
      </object_component>
      <object_component id="oc-a7">
         <name>.debug_info</name>
         <load_address>0xb1cb</load_address>
         <run_address>0xb1cb</run_address>
         <size>0x41a</size>
         <input_file_ref idref="fl-5"/>
      </object_component>
      <object_component id="oc-144">
         <name>.debug_info</name>
         <load_address>0xb5e5</load_address>
         <run_address>0xb5e5</run_address>
         <size>0x8f</size>
         <input_file_ref idref="fl-5"/>
      </object_component>
      <object_component id="oc-219">
         <name>.debug_info</name>
         <load_address>0xb674</load_address>
         <run_address>0xb674</run_address>
         <size>0x4c</size>
         <input_file_ref idref="fl-5"/>
      </object_component>
      <object_component id="oc-1d7">
         <name>.debug_info</name>
         <load_address>0xb6c0</load_address>
         <run_address>0xb6c0</run_address>
         <size>0x2c</size>
         <input_file_ref idref="fl-5"/>
      </object_component>
      <object_component id="oc-1de">
         <name>.debug_info</name>
         <load_address>0xb6ec</load_address>
         <run_address>0xb6ec</run_address>
         <size>0x833</size>
         <input_file_ref idref="fl-6"/>
      </object_component>
      <object_component id="oc-de">
         <name>.debug_info</name>
         <load_address>0xbf1f</load_address>
         <run_address>0xbf1f</run_address>
         <size>0xce</size>
         <input_file_ref idref="fl-6"/>
      </object_component>
      <object_component id="oc-e1">
         <name>.debug_info</name>
         <load_address>0xbfed</load_address>
         <run_address>0xbfed</run_address>
         <size>0xca</size>
         <input_file_ref idref="fl-6"/>
      </object_component>
      <object_component id="oc-71">
         <name>.debug_info</name>
         <load_address>0xc0b7</load_address>
         <run_address>0xc0b7</run_address>
         <size>0x28b</size>
         <input_file_ref idref="fl-6"/>
      </object_component>
      <object_component id="oc-1e1">
         <name>.debug_info</name>
         <load_address>0xc342</load_address>
         <run_address>0xc342</run_address>
         <size>0x4c</size>
         <input_file_ref idref="fl-6"/>
      </object_component>
      <object_component id="oc-1f3">
         <name>.debug_info</name>
         <load_address>0xc38e</load_address>
         <run_address>0xc38e</run_address>
         <size>0x2a2</size>
         <input_file_ref idref="fl-8"/>
      </object_component>
      <object_component id="oc-1f0">
         <name>.debug_info</name>
         <load_address>0xc630</load_address>
         <run_address>0xc630</run_address>
         <size>0x172</size>
         <input_file_ref idref="fl-8"/>
      </object_component>
      <object_component id="oc-1e7">
         <name>.debug_info</name>
         <load_address>0xc7a2</load_address>
         <run_address>0xc7a2</run_address>
         <size>0xec</size>
         <input_file_ref idref="fl-8"/>
      </object_component>
      <object_component id="oc-1ea">
         <name>.debug_info</name>
         <load_address>0xc88e</load_address>
         <run_address>0xc88e</run_address>
         <size>0xf0</size>
         <input_file_ref idref="fl-8"/>
      </object_component>
      <object_component id="oc-1ed">
         <name>.debug_info</name>
         <load_address>0xc97e</load_address>
         <run_address>0xc97e</run_address>
         <size>0xea</size>
         <input_file_ref idref="fl-8"/>
      </object_component>
      <object_component id="oc-ea">
         <name>.debug_info</name>
         <load_address>0xca68</load_address>
         <run_address>0xca68</run_address>
         <size>0x6db</size>
         <input_file_ref idref="fl-8"/>
      </object_component>
      <object_component id="oc-7e">
         <name>.debug_info</name>
         <load_address>0xd143</load_address>
         <run_address>0xd143</run_address>
         <size>0x2c4</size>
         <input_file_ref idref="fl-9"/>
      </object_component>
      <object_component id="oc-27">
         <name>.debug_info</name>
         <load_address>0xd407</load_address>
         <run_address>0xd407</run_address>
         <size>0xf0</size>
         <input_file_ref idref="fl-9"/>
      </object_component>
      <object_component id="oc-6e">
         <name>.debug_info</name>
         <load_address>0xd4f7</load_address>
         <run_address>0xd4f7</run_address>
         <size>0x1b7</size>
         <input_file_ref idref="fl-9"/>
      </object_component>
      <object_component id="oc-188">
         <name>.debug_info</name>
         <load_address>0xd6ae</load_address>
         <run_address>0xd6ae</run_address>
         <size>0xe9</size>
         <input_file_ref idref="fl-a"/>
      </object_component>
      <object_component id="oc-b9">
         <name>.debug_info</name>
         <load_address>0xd797</load_address>
         <run_address>0xd797</run_address>
         <size>0x25b</size>
         <input_file_ref idref="fl-a"/>
      </object_component>
      <object_component id="oc-2fa">
         <name>.debug_info</name>
         <load_address>0xd9f2</load_address>
         <run_address>0xd9f2</run_address>
         <size>0x9ff</size>
         <input_file_ref idref="fl-b"/>
      </object_component>
      <object_component id="oc-200">
         <name>.debug_info</name>
         <load_address>0xe3f1</load_address>
         <run_address>0xe3f1</run_address>
         <size>0xdc</size>
         <input_file_ref idref="fl-b"/>
      </object_component>
      <object_component id="oc-203">
         <name>.debug_info</name>
         <load_address>0xe4cd</load_address>
         <run_address>0xe4cd</run_address>
         <size>0xf0</size>
         <input_file_ref idref="fl-b"/>
      </object_component>
      <object_component id="oc-206">
         <name>.debug_info</name>
         <load_address>0xe5bd</load_address>
         <run_address>0xe5bd</run_address>
         <size>0xd1</size>
         <input_file_ref idref="fl-b"/>
      </object_component>
      <object_component id="oc-209">
         <name>.debug_info</name>
         <load_address>0xe68e</load_address>
         <run_address>0xe68e</run_address>
         <size>0xd1</size>
         <input_file_ref idref="fl-b"/>
      </object_component>
      <object_component id="oc-130">
         <name>.debug_info</name>
         <load_address>0xe75f</load_address>
         <run_address>0xe75f</run_address>
         <size>0x599</size>
         <input_file_ref idref="fl-b"/>
      </object_component>
      <object_component id="oc-3c9">
         <name>.debug_info</name>
         <load_address>0xecf8</load_address>
         <run_address>0xecf8</run_address>
         <size>0x37e2</size>
         <input_file_ref idref="fl-b"/>
      </object_component>
      <object_component id="oc-1a2">
         <name>.debug_info</name>
         <load_address>0x124da</load_address>
         <run_address>0x124da</run_address>
         <size>0x33d</size>
         <input_file_ref idref="fl-f"/>
      </object_component>
      <object_component id="oc-195">
         <name>.debug_info</name>
         <load_address>0x12817</load_address>
         <run_address>0x12817</run_address>
         <size>0x774</size>
         <input_file_ref idref="fl-11"/>
      </object_component>
      <object_component id="oc-18c">
         <name>.debug_info</name>
         <load_address>0x12f8b</load_address>
         <run_address>0x12f8b</run_address>
         <size>0xf5</size>
         <input_file_ref idref="fl-11"/>
      </object_component>
      <object_component id="oc-c0">
         <name>.debug_info</name>
         <load_address>0x13080</load_address>
         <run_address>0x13080</run_address>
         <size>0x1fff</size>
         <input_file_ref idref="fl-11"/>
      </object_component>
      <object_component id="oc-19d">
         <name>.debug_info</name>
         <load_address>0x1507f</load_address>
         <run_address>0x1507f</run_address>
         <size>0x67d</size>
         <input_file_ref idref="fl-15"/>
      </object_component>
      <object_component id="oc-19a">
         <name>.debug_info</name>
         <load_address>0x156fc</load_address>
         <run_address>0x156fc</run_address>
         <size>0xe7</size>
         <input_file_ref idref="fl-15"/>
      </object_component>
      <object_component id="oc-197">
         <name>.debug_info</name>
         <load_address>0x157e3</load_address>
         <run_address>0x157e3</run_address>
         <size>0xe9</size>
         <input_file_ref idref="fl-15"/>
      </object_component>
      <object_component id="oc-c8">
         <name>.debug_info</name>
         <load_address>0x158cc</load_address>
         <run_address>0x158cc</run_address>
         <size>0x185a</size>
         <input_file_ref idref="fl-15"/>
      </object_component>
      <object_component id="oc-1bc">
         <name>.debug_info</name>
         <load_address>0x17126</load_address>
         <run_address>0x17126</run_address>
         <size>0x60b</size>
         <input_file_ref idref="fl-17"/>
      </object_component>
      <object_component id="oc-1aa">
         <name>.debug_info</name>
         <load_address>0x17731</load_address>
         <run_address>0x17731</run_address>
         <size>0xe6</size>
         <input_file_ref idref="fl-17"/>
      </object_component>
      <object_component id="oc-1ad">
         <name>.debug_info</name>
         <load_address>0x17817</load_address>
         <run_address>0x17817</run_address>
         <size>0xde</size>
         <input_file_ref idref="fl-17"/>
      </object_component>
      <object_component id="oc-1b0">
         <name>.debug_info</name>
         <load_address>0x178f5</load_address>
         <run_address>0x178f5</run_address>
         <size>0xe2</size>
         <input_file_ref idref="fl-17"/>
      </object_component>
      <object_component id="oc-1b3">
         <name>.debug_info</name>
         <load_address>0x179d7</load_address>
         <run_address>0x179d7</run_address>
         <size>0xe4</size>
         <input_file_ref idref="fl-17"/>
      </object_component>
      <object_component id="oc-1b6">
         <name>.debug_info</name>
         <load_address>0x17abb</load_address>
         <run_address>0x17abb</run_address>
         <size>0xe6</size>
         <input_file_ref idref="fl-17"/>
      </object_component>
      <object_component id="oc-1b9">
         <name>.debug_info</name>
         <load_address>0x17ba1</load_address>
         <run_address>0x17ba1</run_address>
         <size>0xea</size>
         <input_file_ref idref="fl-17"/>
      </object_component>
      <object_component id="oc-1a7">
         <name>.debug_info</name>
         <load_address>0x17c8b</load_address>
         <run_address>0x17c8b</run_address>
         <size>0xeb</size>
         <input_file_ref idref="fl-17"/>
      </object_component>
      <object_component id="oc-d3">
         <name>.debug_info</name>
         <load_address>0x17d76</load_address>
         <run_address>0x17d76</run_address>
         <size>0xffe</size>
         <input_file_ref idref="fl-17"/>
      </object_component>
      <object_component id="oc-243">
         <name>.debug_info</name>
         <load_address>0x18d74</load_address>
         <run_address>0x18d74</run_address>
         <size>0x543</size>
         <input_file_ref idref="fl-20"/>
      </object_component>
      <object_component id="oc-190">
         <name>.debug_info</name>
         <load_address>0x192b7</load_address>
         <run_address>0x192b7</run_address>
         <size>0xd25</size>
         <input_file_ref idref="fl-20"/>
      </object_component>
      <object_component id="oc-19f">
         <name>.debug_info</name>
         <load_address>0x19fdc</load_address>
         <run_address>0x19fdc</run_address>
         <size>0x6a1</size>
         <input_file_ref idref="fl-23"/>
      </object_component>
      <object_component id="oc-cc">
         <name>.debug_info</name>
         <load_address>0x1a67d</load_address>
         <run_address>0x1a67d</run_address>
         <size>0x2263</size>
         <input_file_ref idref="fl-23"/>
      </object_component>
      <object_component id="oc-302">
         <name>.debug_info</name>
         <load_address>0x1c8e0</load_address>
         <run_address>0x1c8e0</run_address>
         <size>0x667</size>
         <input_file_ref idref="fl-24"/>
      </object_component>
      <object_component id="oc-20e">
         <name>.debug_info</name>
         <load_address>0x1cf47</load_address>
         <run_address>0x1cf47</run_address>
         <size>0x147c</size>
         <input_file_ref idref="fl-24"/>
      </object_component>
      <object_component id="oc-1fd">
         <name>.debug_info</name>
         <load_address>0x1e3c3</load_address>
         <run_address>0x1e3c3</run_address>
         <size>0x70b</size>
         <input_file_ref idref="fl-25"/>
      </object_component>
      <object_component id="oc-121">
         <name>.debug_info</name>
         <load_address>0x1eace</load_address>
         <run_address>0x1eace</run_address>
         <size>0x7e9</size>
         <input_file_ref idref="fl-25"/>
      </object_component>
      <object_component id="oc-1d6">
         <name>.debug_info</name>
         <load_address>0x1f2b7</load_address>
         <run_address>0x1f2b7</run_address>
         <size>0x3e5</size>
         <input_file_ref idref="fl-e4"/>
      </object_component>
      <object_component id="oc-1d1">
         <name>.debug_info</name>
         <load_address>0x1f69c</load_address>
         <run_address>0x1f69c</run_address>
         <size>0x157</size>
         <input_file_ref idref="fl-e4"/>
      </object_component>
      <object_component id="oc-1cd">
         <name>.debug_info</name>
         <load_address>0x1f7f3</load_address>
         <run_address>0x1f7f3</run_address>
         <size>0x166</size>
         <input_file_ref idref="fl-e4"/>
      </object_component>
      <object_component id="oc-db">
         <name>.debug_info</name>
         <load_address>0x1f959</load_address>
         <run_address>0x1f959</run_address>
         <size>0x1ac</size>
         <input_file_ref idref="fl-e4"/>
      </object_component>
      <object_component id="oc-2de">
         <name>.debug_info</name>
         <load_address>0x1fb05</load_address>
         <run_address>0x1fb05</run_address>
         <size>0xb2</size>
         <input_file_ref idref="fl-e4"/>
      </object_component>
      <object_component id="oc-2b5">
         <name>.debug_info</name>
         <load_address>0x1fbb7</load_address>
         <run_address>0x1fbb7</run_address>
         <size>0x590</size>
         <input_file_ref idref="fl-e5"/>
      </object_component>
      <object_component id="oc-283">
         <name>.debug_info</name>
         <load_address>0x20147</load_address>
         <run_address>0x20147</run_address>
         <size>0x21e</size>
         <input_file_ref idref="fl-e5"/>
      </object_component>
      <object_component id="oc-35d">
         <name>.debug_info</name>
         <load_address>0x20365</load_address>
[...]
      <symbol id="sm-810">
         <name>copysign</name>
         <value>0x58ed</value>
         <object_component_ref idref="oc-3fc"/>
      </symbol>
      <symbol id="sm-811">
         <name>copysignl</name>
         <value>0x58ed</value>
         <object_component_ref idref="oc-3fc"/>
      </symbol>
      <symbol id="sm-81e">
         <name>__aeabi_uldivmod</name>
         <value>0x4939</value>
         <object_component_ref idref="oc-32e"/>
      </symbol>
      <symbol id="sm-82d">
         <name>__aeabi_memset</name>
         <value>0x4b6b</value>
         <object_component_ref idref="oc-9a"/>
      </symbol>
      <symbol id="sm-82e">
         <name>memset</name>
         <value>0x4b71</value>
         <object_component_ref idref="oc-9a"/>
      </symbol>
      <symbol id="sm-82f">
         <name>__aeabi_memset8</name>
         <value>0x4b6b</value>
         <object_component_ref idref="oc-9a"/>
      </symbol>
      <symbol id="sm-830">
         <name>__aeabi_memset4</name>
         <value>0x4b6b</value>
         <object_component_ref idref="oc-9a"/>
      </symbol>
      <symbol id="sm-831">
         <name>__aeabi_memclr8</name>
         <value>0x4b69</value>
         <object_component_ref idref="oc-9a"/>
      </symbol>
      <symbol id="sm-832">
         <name>__aeabi_memclr4</name>
         <value>0x4b69</value>
         <object_component_ref idref="oc-9a"/>
      </symbol>
      <symbol id="sm-833">
         <name>__aeabi_memclr</name>
         <value>0x4b69</value>
         <object_component_ref idref="oc-9a"/>
      </symbol>
      <symbol id="sm-84a">
         <name>__aeabi_dsub</name>
         <value>0x3889</value>
         <object_component_ref idref="oc-354"/>
      </symbol>
      <symbol id="sm-84b">
         <name>__aeabi_dadd</name>
         <value>0x3893</value>
         <object_component_ref idref="oc-354"/>
      </symbol>
      <symbol id="sm-86d">
         <name>__aeabi_cdcmpeq</name>
         <value>0x4a5d</value>
         <object_component_ref idref="oc-285"/>
      </symbol>
      <symbol id="sm-86e">
         <name>__aeabi_cdcmple</name>
         <value>0x4a5d</value>
         <object_component_ref idref="oc-285"/>
      </symbol>
      <symbol id="sm-86f">
         <name>__aeabi_cdrcmple</name>
         <value>0x4ae3</value>
         <object_component_ref idref="oc-33f"/>
      </symbol>
      <symbol id="sm-883">
         <name>__aeabi_ddiv</name>
         <value>0x3d19</value>
         <object_component_ref idref="oc-33a"/>
      </symbol>
      <symbol id="sm-88e">
         <name>__aeabi_dmul</name>
         <value>0x43a5</value>
         <object_component_ref idref="oc-335"/>
      </symbol>
      <symbol id="sm-898">
         <name>__aeabi_d2iz</name>
         <value>0x5495</value>
         <object_component_ref idref="oc-344"/>
      </symbol>
      <symbol id="sm-8a2">
         <name>__aeabi_i2d</name>
         <value>0x57a5</value>
         <object_component_ref idref="oc-34f"/>
      </symbol>
      <symbol id="sm-8bd">
         <name>memcpy</name>
         <value>0x489d</value>
         <object_component_ref idref="oc-3a"/>
      </symbol>
      <symbol id="sm-8be">
         <name>__aeabi_memcpy</name>
         <value>0x489d</value>
         <object_component_ref idref="oc-3a"/>
      </symbol>
      <symbol id="sm-8bf">
         <name>__aeabi_memcpy8</name>
         <value>0x489d</value>
         <object_component_ref idref="oc-3a"/>
      </symbol>
      <symbol id="sm-8c0">
         <name>__aeabi_memcpy4</name>
         <value>0x489d</value>
         <object_component_ref idref="oc-3a"/>
      </symbol>
      <symbol id="sm-8d4">
         <name>__TI_zero_init_nomemset</name>
         <value>0x5899</value>
         <object_component_ref idref="oc-46"/>
      </symbol>
      <symbol id="sm-8eb">
         <name>__TI_decompress_none</name>
         <value>0x596f</value>
         <object_component_ref idref="oc-1d"/>
      </symbol>
      <symbol id="sm-90e">
         <name>__TI_decompress_lzss</name>
         <value>0x4eed</value>
         <object_component_ref idref="oc-17"/>
      </symbol>
      <symbol id="sm-934">
         <name>C$$EXIT</name>
         <value>0x59a9</value>
         <object_component_ref idref="oc-149"/>
      </symbol>
      <symbol id="sm-935">
         <name>abort</name>
         <value>0x59a9</value>
         <object_component_ref idref="oc-149"/>
      </symbol>
      <symbol id="sm-936">
         <name>__TI_dtors_ptr</name>
         <value>0x200006e4</value>
         <object_component_ref idref="oc-222"/>
      </symbol>
      <symbol id="sm-937">
         <name>__TI_cleanup_ptr</name>
         <value>0x200006e0</value>
         <object_component_ref idref="oc-222"/>
      </symbol>
      <symbol id="sm-938">
         <name>__TI_enable_exit_profile_output</name>
         <value>0x200006e8</value>
         <object_component_ref idref="oc-222"/>
      </symbol>
      <symbol id="sm-939">
         <name>exit</name>
         <value>0x544d</value>
         <object_component_ref idref="oc-14f"/>
      </symbol>
      <symbol id="sm-94e">
         <name>_nop</name>
         <value>0x18af</value>
         <object_component_ref idref="oc-2c0"/>
      </symbol>
      <symbol id="sm-94f">
         <name>_lock</name>
         <value>0x200006ec</value>
         <object_component_ref idref="oc-1c3"/>
      </symbol>
      <symbol id="sm-950">
         <name>_unlock</name>
         <value>0x200006f0</value>
         <object_component_ref idref="oc-1c3"/>
      </symbol>
      <symbol id="sm-95f">
         <name>__TI_ltoa</name>
         <value>0x530f</value>
         <object_component_ref idref="oc-349"/>
      </symbol>
      <symbol id="sm-975">
         <name>atoi</name>
         <value>0x5401</value>
         <object_component_ref idref="oc-279"/>
      </symbol>
      <symbol id="sm-980">
         <name>_ctypes_</name>
         <value>0x59ac</value>
         <object_component_ref idref="oc-329"/>
      </symbol>
      <symbol id="sm-995">
         <name>__TI_tmpnams</name>
         <value>0x2000082c</value>
      </symbol>
      <symbol id="sm-996">
         <name>__aeabi_stdout</name>
         <value>0x200006d8</value>
         <object_component_ref idref="oc-49b"/>
      </symbol>
      <symbol id="sm-997">
         <name>__aeabi_stderr</name>
         <value>0x200006dc</value>
         <object_component_ref idref="oc-49b"/>
      </symbol>
      <symbol id="sm-998">
         <name>__aeabi_stdin</name>
         <value>0x200006d4</value>
         <object_component_ref idref="oc-49b"/>
      </symbol>
      <symbol id="sm-999">
         <name>_ftable</name>
         <value>0x200004e8</value>
         <object_component_ref idref="oc-1c6"/>
      </symbol>
      <symbol id="sm-99a">
         <name>__TI_ft_end</name>
         <value>0x200006d0</value>
         <object_component_ref idref="oc-49b"/>
      </symbol>
      <symbol id="sm-9aa">
         <name>memccpy</name>
         <value>0x58d1</value>
         <object_component_ref idref="oc-2a2"/>
      </symbol>
      <symbol id="sm-9ba">
         <name>memchr</name>
         <value>0x5879</value>
         <object_component_ref idref="oc-3b1"/>
      </symbol>
      <symbol id="sm-a43">
         <name>_sys_memory</name>
         <value>0x200000e8</value>
         <object_component_ref idref="oc-29"/>
      </symbol>
      <symbol id="sm-a44">
         <name>free</name>
         <value>0x44a1</value>
         <object_component_ref idref="oc-44c"/>
      </symbol>
      <symbol id="sm-a45">
         <name>memalign</name>
         <value>0x42a5</value>
         <object_component_ref idref="oc-48e"/>
      </symbol>
      <symbol id="sm-a46">
         <name>malloc</name>
         <value>0x5995</value>
         <object_component_ref idref="oc-452"/>
      </symbol>
      <symbol id="sm-a47">
         <name>aligned_alloc</name>
         <value>0x42a5</value>
         <object_component_ref idref="oc-48e"/>
      </symbol>
      <symbol id="sm-a57">
         <name>strchr</name>
         <value>0x591f</value>
         <object_component_ref idref="oc-380"/>
      </symbol>
      <symbol id="sm-a65">
         <name>strlen</name>
         <value>0x5949</value>
         <object_component_ref idref="oc-273"/>
      </symbol>
      <symbol id="sm-a7b">
         <name>__aeabi_errno_addr</name>
         <value>0x598d</value>
         <object_component_ref idref="oc-2ae"/>
      </symbol>
      <symbol id="sm-a7c">
         <name>errno</name>
         <value>0x20000704</value>
         <object_component_ref idref="oc-390"/>
      </symbol>
      <symbol id="sm-a8f">
         <name>__stack</name>
         <value>0x2000fe00</value>
         <object_component_ref idref="oc-2c"/>
      </symbol>
      <symbol id="sm-a90">
         <name>_c_int00_noargs</name>
         <value>0x5741</value>
         <object_component_ref idref="oc-58"/>
      </symbol>
      <symbol id="sm-aaa">
         <name>write</name>
         <value>0x5851</value>
         <object_component_ref idref="oc-3bd"/>
      </symbol>
      <symbol id="sm-abb">
         <name>_stream</name>
         <value>0x20000650</value>
         <object_component_ref idref="oc-42a"/>
      </symbol>
      <symbol id="sm-abc">
         <name>_device</name>
         <value>0x200005d8</value>
         <object_component_ref idref="oc-46b"/>
      </symbol>
      <symbol id="sm-ad5">
         <name>wcslen</name>
         <value>0x595d</value>
         <object_component_ref idref="oc-2a8"/>
      </symbol>
      <symbol id="sm-ae5">
         <name>__TI_doflush</name>
         <value>0x53b5</value>
         <object_component_ref idref="oc-3b7"/>
      </symbol>
      <symbol id="sm-af5">
         <name>__TI_cleanup</name>
         <value>0x56d9</value>
         <object_component_ref idref="oc-458"/>
      </symbol>
      <symbol id="sm-b07">
         <name>fseek</name>
         <value>0x5085</value>
         <object_component_ref idref="oc-418"/>
      </symbol>
      <symbol id="sm-b11">
         <name>__aeabi_idiv0</name>
         <value>0x3a3f</value>
         <object_component_ref idref="oc-3e3"/>
      </symbol>
      <symbol id="sm-b12">
         <name>__aeabi_ldiv0</name>
         <value>0x3a3f</value>
         <object_component_ref idref="oc-3e3"/>
      </symbol>
      <symbol id="sm-b3a">
         <name>__TI_auto_init_nobinit_nopinit</name>
         <value>0x5565</value>
         <object_component_ref idref="oc-155"/>
      </symbol>
      <symbol id="sm-b44">
         <name>_system_pre_init</name>
         <value>0x59a5</value>
         <object_component_ref idref="oc-a0"/>
      </symbol>
      <symbol id="sm-b57">
         <name>HOSTclose</name>
         <value>0x54dd</value>
         <object_component_ref idref="oc-4a7"/>
      </symbol>
      <symbol id="sm-b68">
         <name>HOSTlseek</name>
         <value>0x4e85</value>
         <object_component_ref idref="oc-4b9"/>
      </symbol>
      <symbol id="sm-b7a">
         <name>parmbuf</name>
         <value>0x200008ec</value>
      </symbol>
      <symbol id="sm-b7b">
         <name>HOSTopen</name>
         <value>0x514d</value>
         <object_component_ref idref="oc-4a1"/>
      </symbol>
      <symbol id="sm-b8c">
         <name>HOSTread</name>
         <value>0x5209</value>
         <object_component_ref idref="oc-4ad"/>
      </symbol>
      <symbol id="sm-b9d">
         <name>HOSTrename</name>
         <value>0x4dad</value>
         <object_component_ref idref="oc-4c5"/>
      </symbol>
      <symbol id="sm-bae">
         <name>HOSTunlink</name>
         <value>0x5521</value>
         <object_component_ref idref="oc-4bf"/>
      </symbol>
      <symbol id="sm-bbf">
         <name>HOSTwrite</name>
         <value>0x5261</value>
         <object_component_ref idref="oc-4b3"/>
      </symbol>
      <symbol id="sm-be3">
         <name>__TI_readmsg</name>
         <value>0x570d</value>
         <object_component_ref idref="oc-4f4"/>
      </symbol>
      <symbol id="sm-be4">
         <name>C$$IO$$</name>
         <value>0x5697</value>
         <object_component_ref idref="oc-4ee"/>
      </symbol>
      <symbol id="sm-be5">
         <name>__CIOBUF_</name>
         <value>0x2000070c</value>
         <object_component_ref idref="oc-51f"/>
      </symbol>
      <symbol id="sm-be6">
         <name>__TI_writemsg</name>
         <value>0x5669</value>
         <object_component_ref idref="oc-4ee"/>
      </symbol>
      <symbol id="sm-bf7">
         <name>lseek</name>
         <value>0x5829</value>
         <object_component_ref idref="oc-444"/>
      </symbol>
      <symbol id="sm-c0c">
         <name>__TI_closefile</name>
         <value>0x4be5</value>
         <object_component_ref idref="oc-495"/>
      </symbol>
      <symbol id="sm-c2f">
         <name>finddevice</name>
         <value>0x5775</value>
         <object_component_ref idref="oc-53d"/>
      </symbol>
      <symbol id="sm-c30">
         <name>getdevice</name>
         <value>0x55a9</value>
         <object_component_ref idref="oc-515"/>
      </symbol>
      <symbol id="sm-c3f">
         <name>strcmp</name>
         <value>0x5907</value>
         <object_component_ref idref="oc-554"/>
      </symbol>
      <symbol id="sm-c4d">
         <name>strcpy</name>
         <value>0x5935</value>
         <object_component_ref idref="oc-508"/>
      </symbol>
      <symbol id="sm-c5d">
         <name>strncpy</name>
         <value>0x56a1</value>
         <object_component_ref idref="oc-537"/>
      </symbol>
      <symbol id="sm-c72">
         <name>close</name>
         <value>0x51ad</value>
         <object_component_ref idref="oc-4dd"/>
      </symbol>
      <symbol id="sm-c82">
         <name>unlink</name>
         <value>0x57d5</value>
         <object_component_ref idref="oc-4e3"/>
      </symbol>
      <symbol id="sm-c83">
         <name>__TI_static_base__</name>
         <value>0x0</value>
      </symbol>
      <symbol id="sm-c86">
         <name>__mpu_init</name>
         <value>0x0</value>
      </symbol>
      <symbol id="sm-c87">
         <name>_system_post_cinit</name>
         <value>0x0</value>
      </symbol>
      <symbol id="sm-c88">
         <name>NMI_Handler</name>
         <value>0x5989</value>
      </symbol>
      <symbol id="sm-c89">
         <name>HardFault_Handler</name>
         <value>0x5989</value>
      </symbol>
      <symbol id="sm-c8a">
         <name>MemManage_Handler</name>
         <value>0x5989</value>
      </symbol>
      <symbol id="sm-c8b">
         <name>BusFault_Handler</name>
         <value>0x5989</value>
      </symbol>
      <symbol id="sm-c8c">
         <name>UsageFault_Handler</name>
         <value>0x5989</value>
      </symbol>
      <symbol id="sm-c8d">
         <name>SVC_Handler</name>
         <value>0x5989</value>
      </symbol>
      <symbol id="sm-c8e">
         <name>DebugMon_Handler</name>
         <value>0x5989</value>
      </symbol>
      <symbol id="sm-c8f">
         <name>PendSV_Handler</name>
         <value>0x5989</value>
      </symbol>
      <symbol id="sm-c90">
         <name>SysTick_Handler</name>
         <value>0x5989</value>
      </symbol>
      <symbol id="sm-c91">
         <name>PSS_IRQHandler</name>
         <value>0x5989</value>
      </symbol>
      <symbol id="sm-c92">
         <name>CS_IRQHandler</name>
         <value>0x5989</value>
      </symbol>
      <symbol id="sm-c93">
         <name>PCM_IRQHandler</name>
         <value>0x5989</value>
      </symbol>
      <symbol id="sm-c94">
         <name>WDT_A_IRQHandler</name>
         <value>0x5989</value>
      </symbol>
      <symbol id="sm-c95">
         <name>FPU_IRQHandler</name>
         <value>0x5989</value>
      </symbol>
      <symbol id="sm-c96">
         <name>FLCTL_IRQHandler</name>
         <value>0x5989</value>
      </symbol>
      <symbol id="sm-c97">
         <name>COMP_E0_IRQHandler</name>
         <value>0x5989</value>
      </symbol>
      <symbol id="sm-c98">
         <name>COMP_E1_IRQHandler</name>
         <value>0x5989</value>
      </symbol>
      <symbol id="sm-c99">
         <name>TA0_0_IRQHandler</name>
         <value>0x5989</value>
      </symbol>
      <symbol id="sm-c9a">
         <name>TA0_N_IRQHandler</name>
         <value>0x5989</value>
      </symbol>
      <symbol id="sm-c9b">
         <name>TA1_0_IRQHandler</name>
         <value>0x4841</value>
      </symbol>
      <symbol id="sm-c9c">
         <name>TA1_N_IRQHandler</name>
         <value>0x5989</value>
      </symbol>
      <symbol id="sm-c9d">
         <name>TA2_0_IRQHandler</name>
         <value>0x5989</value>
      </symbol>
      <symbol id="sm-c9e">
         <name>TA2_N_IRQHandler</name>
         <value>0x5989</value>
      </symbol>
      <symbol id="sm-c9f">
         <name>TA3_0_IRQHandler</name>
         <value>0x5989</value>
      </symbol>
      <symbol id="sm-ca0">
         <name>TA3_N_IRQHandler</name>
         <value>0x5989</value>
      </symbol>
      <symbol id="sm-ca1">
         <name>EUSCIA0_IRQHandler</name>
         <value>0x5989</value>
      </symbol>
      <symbol id="sm-ca2">
         <name>EUSCIA1_IRQHandler</name>
         <value>0x5989</value>
      </symbol>
      <symbol id="sm-ca3">
         <name>EUSCIA2_IRQHandler</name>
         <value>0x5989</value>
      </symbol>
      <symbol id="sm-ca4">
         <name>EUSCIA3_IRQHandler</name>
         <value>0x5989</value>
      </symbol>
      <symbol id="sm-ca5">
         <name>EUSCIB0_IRQHandler</name>
         <value>0x5989</value>
      </symbol>
      <symbol id="sm-ca6">
         <name>EUSCIB1_IRQHandler</name>
         <value>0x5989</value>
      </symbol>
      <symbol id="sm-ca7">
         <name>EUSCIB2_IRQHandler</name>
         <value>0x5989</value>
      </symbol>
      <symbol id="sm-ca8">
         <name>EUSCIB3_IRQHandler</name>
         <value>0x5989</value>
      </symbol>
      <symbol id="sm-ca9">
         <name>ADC14_IRQHandler</name>
         <value>0x5989</value>
      </symbol>
      <symbol id="sm-caa">
         <name>T32_INT1_IRQHandler</name>
         <value>0x5989</value>
      </symbol>
      <symbol id="sm-cab">
         <name>T32_INT2_IRQHandler</name>
         <value>0x5989</value>
      </symbol>
      <symbol id="sm-cac">
         <name>T32_INTC_IRQHandler</name>
         <value>0x5989</value>
      </symbol>
      <symbol id="sm-cad">
         <name>AES256_IRQHandler</name>
         <value>0x5989</value>
      </symbol>
      <symbol id="sm-cae">
         <name>RTC_C_IRQHandler</name>
         <value>0x5989</value>
      </symbol>
      <symbol id="sm-caf">
         <name>DMA_ERR_IRQHandler</name>
         <value>0x5989</value>
      </symbol>
      <symbol id="sm-cb0">
         <name>DMA_INT3_IRQHandler</name>
         <value>0x5989</value>
      </symbol>
      <symbol id="sm-cb1">
         <name>DMA_INT2_IRQHandler</name>
         <value>0x5989</value>
      </symbol>
      <symbol id="sm-cb2">
         <name>DMA_INT1_IRQHandler</name>
         <value>0x5989</value>
      </symbol>
      <symbol id="sm-cb3">
         <name>DMA_INT0_IRQHandler</name>
         <value>0x5989</value>
      </symbol>
      <symbol id="sm-cb4">
         <name>PORT1_IRQHandler</name>
         <value>0x4ff3</value>
      </symbol>
      <symbol id="sm-cb5">
         <name>PORT2_IRQHandler</name>
         <value>0x5989</value>
      </symbol>
      <symbol id="sm-cb6">
         <name>PORT3_IRQHandler</name>
         <value>0x5989</value>
      </symbol>
      <symbol id="sm-cb7">
         <name>PORT4_IRQHandler</name>
         <value>0x5989</value>
      </symbol>
      <symbol id="sm-cb8">
         <name>PORT5_IRQHandler</name>
         <value>0x5989</value>
      </symbol>
      <symbol id="sm-cb9">
         <name>PORT6_IRQHandler</name>
         <value>0x5989</value>
      </symbol>
      <symbol id="sm-cba">
         <name>remove</name>
         <value>0x57d5</value>
      </symbol>
   </symbol_table>
   <title>Link successful</title>
</link_info>
