******************************************************************************
                  TI ARM Linker PC v20.2.4                     
******************************************************************************
>> Linked Sun Jul 14 22:48:35 2024

OUTPUT FILE NAME:   <Test.out>
ENTRY POINT SYMBOL: "_c_int00_noargs"  address: 00005741


MEMORY CONFIGURATION

         name            origin    length      used     unused   attr    fill
----------------------  --------  ---------  --------  --------  ----  --------
  MAIN                  00000000   00040000  00005c8a  0003a376  R  X
  INFO                  00200000   00004000  00000000  00004000  R  X
  SRAM_CODE             01000000   00010000  00000af0  0000f510  RW X
  SRAM_DATA             20000000   00010000  00000af0  0000f510  RW  


SEGMENT ALLOCATION MAP

run origin  load origin   length   init length attrs members
----------  ----------- ---------- ----------- ----- -------
00000000    00000000    00005c90   00005c90    r-x
  00000000    00000000    000000e4   000000e4    r-- .intvecs
  000000e4    000000e4    000058c8   000058c8    r-x .text
  000059ac    000059ac    00000216   00000216    r-- .const
  00005bc8    00005bc8    000000c8   000000c8    r-- .cinit
20000000    20000000    000008f4   00000000    rw-
  20000000    20000000    000000e4   00000000    rw- .vtable
  200000e8    200000e8    00000400   00000000    rw- .sysmem
  200004e8    200004e8    00000224   00000000    rw- .data
  2000070c    2000070c    000001e8   00000000    rw- .bss
2000fe00    2000fe00    00000200   00000000    rw-
  2000fe00    2000fe00    00000200   00000000    rw- .stack


SECTION ALLOCATION MAP

 output                                  attributes/
section   page    origin      length       input sections
--------  ----  ----------  ----------   ----------------
.intvecs   0    00000000    000000e4     
                  00000000    000000e4     startup_msp432p401r_ccs.obj (.intvecs:retain)

.text      0    000000e4    000058c8     
                  000000e4    00000d7c     cs.obj (.text)
                  00000e60    00000a4e     rtsv7M4_T_le_v4SPD16_eabi.lib : _printfi.c.obj (.text:__TI_printfi)
                  000018ae    00000002                                   : _lock.c.obj (.text:_nop)
                  000018b0    00000798     timer_a.obj (.text)
                  00002048    00000480     gpio.obj (.text)
                  000024c8    0000041c     uart.obj (.text)
                  000028e4    000003f0     interrupt.obj (.text)
                  00002cd4    00000334     system_msp432p401r.obj (.text)
                  00003008    00000270     rtsv7M4_T_le_v4SPD16_eabi.lib : _printfi.c.obj (.text:_pconv_a)
                  00003278    00000244     sysctl.obj (.text)
                  000034bc    000001fc     priority_queue.obj (.text)
                  000036b8    000001d0     rtsv7M4_T_le_v4SPD16_eabi.lib : _printfi.c.obj (.text:_pconv_g)
                  00003888    000001b6                                   : fd_add_t2.asm.obj (.text)
                  00003a3e    00000002                                   : div0.asm.obj (.text)
                  00003a40    0000019c     main.obj (.text)
                  00003bdc    0000013c     rtsv7M4_T_le_v4SPD16_eabi.lib : _printfi.c.obj (.text:_pconv_e)
                  00003d18    00000136                                   : fd_div_t2.asm.obj (.text)
                  00003e4e    00000002     --HOLE-- [fill = 0]
                  00003e50    00000124                                   : _printfi.c.obj (.text:fcvt)
                  00003f74    00000114                                   : fputs.c.obj (.text:fputs)
                  00004088    00000110                                   : s_scalbn.c.obj (.text:scalbn)
                  00004198    0000010c     timed_pulse.obj (.text)
                  000042a4    00000100     rtsv7M4_T_le_v4SPD16_eabi.lib : memory.c.obj (.text:aligned_alloc)
                  000043a4    000000fc                                   : fd_mul_t2.asm.obj (.text)
                  000044a0    000000e4                                   : memory.c.obj (.text:free)
                  00004584    000000dc                                   : setvbuf.c.obj (.text:setvbuf)
                  00004660    000000d8     wdt_a.obj (.text)
                  00004738    000000b1     rtsv7M4_T_le_v4SPD16_eabi.lib : _printfi.c.obj (.text:_ltostr)
                  000047e9    00000003     --HOLE-- [fill = 0]
                  000047ec    000000b0     main2.obj (.text)
                  0000489c    0000009c     rtsv7M4_T_le_v4SPD16_eabi.lib : memcpy_t2.asm.obj (.text)
                  00004938    00000096                                   : ull_div_t2.asm.obj (.text)
                  000049ce    00000002     --HOLE-- [fill = 0]
                  000049d0    0000008c                                   : fputc.c.obj (.text:fputc)
                  00004a5c    00000086                                   : fd_cmp_t2.asm.obj (.text:__aeabi_cdcmple)
                  00004ae2    00000086                                   : fd_cmp_t2.asm.obj (.text:__aeabi_cdrcmple)
                  00004b68    0000007a                                   : memset_t2.asm.obj (.text)
                  00004be2    00000002     --HOLE-- [fill = 0]
                  00004be4    00000074                                   : fclose.c.obj (.text:__TI_closefile)
                  00004c58    00000074     external_uart.obj (.text)
                  00004ccc    00000070     rtsv7M4_T_le_v4SPD16_eabi.lib : memory.c.obj (.text:split)
                  00004d3c    0000006e                                   : _printfi.c.obj (.text:_mcpy)
                  00004daa    00000002     --HOLE-- [fill = 0]
                  00004dac    0000006c                                   : hostrename.c.obj (.text:HOSTrename)
                  00004e18    0000006c     gpios.obj (.text)
                  00004e84    00000068     rtsv7M4_T_le_v4SPD16_eabi.lib : hostlseek.c.obj (.text:HOSTlseek)
                  00004eec    00000068                                   : copy_decompress_lzss.c.obj (.text:decompress:lzss:__TI_decompress_lzss)
                  00004f54    00000068                                   : printf.c.obj (.text:printf)
                  00004fbc    00000064     button.obj (.text)
                  00005020    00000064     rtsv7M4_T_le_v4SPD16_eabi.lib : s_frexp.c.obj (.text:frexp)
                  00005084    00000064                                   : fseek.c.obj (.text:fseek)
                  000050e8    00000062                                   : _io_perm.c.obj (.text:__TI_wrt_ok)
                  0000514a    00000002     --HOLE-- [fill = 0]
                  0000514c    00000060                                   : hostopen.c.obj (.text:HOSTopen)
                  000051ac    0000005c                                   : close.c.obj (.text:close)
                  00005208    00000058                                   : hostread.c.obj (.text:HOSTread)
                  00005260    00000058                                   : hostwrite.c.obj (.text:HOSTwrite)
                  000052b8    00000056                                   : _printfi.c.obj (.text:_pconv_f)
                  0000530e    00000054                                   : _ltoa.c.obj (.text:__TI_ltoa)
                  00005362    00000052                                   : _printfi.c.obj (.text:_ecpy)
                  000053b4    0000004c                                   : fflush.c.obj (.text:__TI_doflush)
                  00005400    0000004c                                   : atoi.c.obj (.text:atoi)
                  0000544c    00000048                                   : exit.c.obj (.text:exit)
                  00005494    00000048                                   : fd_toi_t2.asm.obj (.text)
                  000054dc    00000044                                   : hostclose.c.obj (.text:HOSTclose)
                  00005520    00000044                                   : hostunlink.c.obj (.text:HOSTunlink)
                  00005564    00000044                                   : autoinit.c.obj (.text:__TI_auto_init_nobinit_nopinit:__TI_auto_init_nobinit_nopinit)
                  000055a8    00000044                                   : getdevice.c.obj (.text:getdevice)
                  000055ec    0000003e                                   : _printfi.c.obj (.text:_fcpy)
                  0000562a    0000003e     cpu.obj (.text)
                  00005668    00000038     rtsv7M4_T_le_v4SPD16_eabi.lib : trgmsg.c.obj (.text:__TI_writemsg)
                  000056a0    00000036                                   : strncpy.c.obj (.text:strncpy)
                  000056d6    00000002     --HOLE-- [fill = 0]
                  000056d8    00000034                                   : fopen.c.obj (.text:__TI_cleanup)
                  0000570c    00000034                                   : trgmsg.c.obj (.text:__TI_readmsg)
                  00005740    00000034                                   : boot_cortex_m.c.obj (.text:_c_int00_noargs:_c_int00_noargs)
                  00005774    00000030                                   : getdevice.c.obj (.text:finddevice)
                  000057a4    0000002e                                   : i_tofd_t2.asm.obj (.text)
                  000057d2    00000002     --HOLE-- [fill = 0]
                  000057d4    0000002c                                   : unlink.c.obj (.text:unlink)
                  00005800    00000028                                   : memory.c.obj (.text:free_list_insert)
                  00005828    00000028                                   : lseek.c.obj (.text:lseek)
                  00005850    00000028                                   : write.c.obj (.text:write)
                  00005878    00000020                                   : memchr.c.obj (.text:memchr)
                  00005898    0000001c                                   : copy_zero_init.c.obj (.text:decompress:ZI:__TI_zero_init_nomemset:__TI_zero_init_nomemset)
                  000058b4    0000001c                                   : memory.c.obj (.text:free_list_remove)
                  000058d0    0000001c                                   : memccpy.c.obj (.text:memccpy)
                  000058ec    0000001a                                   : s_copysign.c.obj (.text:copysign)
                  00005906    00000018                                   : strcmp.c.obj (.text:strcmp)
                  0000591e    00000016                                   : strchr.c.obj (.text:strchr)
                  00005934    00000014                                   : strcpy.c.obj (.text:strcpy)
                  00005948    00000014                                   : strlen.c.obj (.text:strlen)
                  0000595c    00000012                                   : wcslen.c.obj (.text:wcslen)
                  0000596e    0000000e                                   : copy_decompress_none.c.obj (.text:decompress:none:__TI_decompress_none)
                  0000597c    0000000e     startup_msp432p401r_ccs.obj (.text)
                  0000598a    00000002     --HOLE-- [fill = 0]
                  0000598c    00000008     rtsv7M4_T_le_v4SPD16_eabi.lib : errno.c.obj (.text:__aeabi_errno_addr)
                  00005994    00000008                                   : memory.c.obj (.text:malloc)
                  0000599c    00000004                                   : printf.c.obj (.text:_outc)
                  000059a0    00000004                                   : printf.c.obj (.text:_outs)
                  000059a4    00000004                                   : pre_init.c.obj (.text:_system_pre_init)
                  000059a8    00000004                                   : exit.c.obj (.text:abort:abort)

.const     0    000059ac    00000216     
                  000059ac    00000101     rtsv7M4_T_le_v4SPD16_eabi.lib : ctype.c.obj (.const:.string:_ctypes_)
                  00005aad    00000002     main.obj (.const:$P$T0$1)
                  00005aaf    00000001     button.obj (.const:$P$T0$1)
                  00005ab0    00000050     interrupt.obj (.const:g_pulRegs)
                  00005b00    00000024     external_uart.obj (.const:uartConfig)
                  00005b24    00000020     interrupt.obj (.const:g_pulPriority)
                  00005b44    0000001c     gpio.obj (.const:GPIO_PORT_TO_INT)
                  00005b60    00000018     main2.obj (.const:upConfig)
                  00005b78    00000018     timed_pulse.obj (.const:upModeConfig)
                  00005b90    00000010     timed_pulse.obj (.const:compareModeConfig200ms)
                  00005ba0    00000008     interrupt.obj (.const:g_pulDisRegs)
                  00005ba8    00000008     interrupt.obj (.const:g_pulEnRegs)
                  00005bb0    00000008     interrupt.obj (.const:g_pulPendRegs)
                  00005bb8    00000008     interrupt.obj (.const:g_pulUnpendRegs)
                  00005bc0    00000001     timed_pulse.obj (.const:$P$T0$1)
                  00005bc1    00000001     timed_pulse.obj (.const:$P$T1$2)

.cinit     0    00005bc8    000000c8     
                  00005bc8    00000093     (.cinit..data.load) [load image, compression = lzss]
                  00005c5b    00000001     --HOLE-- [fill = 0]
                  00005c5c    0000000c     (__TI_handler_table)
                  00005c68    00000008     (.cinit..bss.load) [load image, compression = zero_init]
                  00005c70    00000008     (.cinit..vtable.load) [load image, compression = zero_init]
                  00005c78    00000018     (__TI_cinit_table)

.init_array 
*          0    00000000    00000000     UNINITIALIZED

.binit     0    00000000    00000000     

.vtable    0    20000000    000000e4     UNINITIALIZED
                  20000000    000000e4     interrupt.obj (.vtable)

.sysmem    0    200000e8    00000400     UNINITIALIZED
                  200000e8    00000010     rtsv7M4_T_le_v4SPD16_eabi.lib : memory.c.obj (.sysmem)
                  200000f8    000003f0     --HOLE--

.data      0    200004e8    00000224     UNINITIALIZED
                  200004e8    000000f0     rtsv7M4_T_le_v4SPD16_eabi.lib : defs.c.obj (.data:_ftable)
                  200005d8    00000078                                   : host_device.c.obj (.data:_device)
                  20000650    00000050                                   : host_device.c.obj (.data:_stream)
                  200006a0    00000030     gpio.obj (.data:GPIO_PORT_TO_BASE)
                  200006d0    00000010     rtsv7M4_T_le_v4SPD16_eabi.lib : defs.c.obj (.data)
                  200006e0    0000000c                                   : exit.c.obj (.data:$O1$$)
                  200006ec    00000008                                   : _lock.c.obj (.data:$O1$$)
                  200006f4    00000008                                   : memory.c.obj (.data:$O1$$)
                  200006fc    00000006     priority_queue.obj (.data)
                  20000702    00000001     main.obj (.data)
                  20000703    00000001     main2.obj (.data)
                  20000704    00000004     rtsv7M4_T_le_v4SPD16_eabi.lib : errno.c.obj (.data)
                  20000708    00000004     system_msp432p401r.obj (.data)

.bss       0    2000070c    000001e8     UNINITIALIZED
                  2000070c    00000120     rtsv7M4_T_le_v4SPD16_eabi.lib : trgmsg.c.obj (.bss:_CIOBUF_)
                  2000082c    000000a0     (.common:__TI_tmpnams)
                  200008cc    00000008     cs.obj (.bss)
                  200008d4    00000008     priority_queue.obj (.bss:high_priority_queue)
                  200008dc    00000008     priority_queue.obj (.bss:low_priority_queue)
                  200008e4    00000008     priority_queue.obj (.bss:medium_priority_queue)
                  200008ec    00000008     (.common:parmbuf)

.stack     0    2000fe00    00000200     UNINITIALIZED
                  2000fe00    00000004     rtsv7M4_T_le_v4SPD16_eabi.lib : boot_cortex_m.c.obj (.stack)
                  2000fe04    000001fc     --HOLE--

__llvm_prf_cnts 
*          0    20000000    00000000     UNINITIALIZED

MODULE SUMMARY

       Module                        code    ro data   rw data
       ------                        ----    -------   -------
    .\
       system_msp432p401r.obj        820     0         8      
       priority_queue.obj            508     0         60     
       main.obj                      412     2         2      
       timed_pulse.obj               268     42        0      
       startup_msp432p401r_ccs.obj   14      228       0      
       main2.obj                     176     24        2      
       external_uart.obj             116     36        0      
       gpios.obj                     108     0         0      
       button.obj                    100     1         0      
    +--+-----------------------------+-------+---------+---------+
       Total:                        2522    333       72     
                                                              
    .\MSP432P4xx\
       cs.obj                        3452    0         16     
       timer_a.obj                   1944    0         0      
       interrupt.obj                 1008    144       456    
       gpio.obj                      1152    28        96     
       uart.obj                      1052    0         0      
       sysctl.obj                    580     0         0      
       wdt_a.obj                     216     0         0      
       cpu.obj                       62      0         0      
    +--+-----------------------------+-------+---------+---------+
       Total:                        9466    172       568    
                                                              
    C:\ti\ccs1031\ccs\tools\compiler\ti-cgt-arm_20.2.4.LTS\lib\rtsv7M4_T_le_v4SPD16_eabi.lib
       _printfi.c.obj                4851    0         0      
       defs.c.obj                    0       0         832    
       memory.c.obj                  672     0         16     
       trgmsg.c.obj                  108     0         576    
       fd_add_t2.asm.obj             438     0         0      
       host_device.c.obj             0       0         400    
       fd_div_t2.asm.obj             310     0         0      
       fputs.c.obj                   276     0         0      
       s_scalbn.c.obj                272     0         0      
       fd_cmp_t2.asm.obj             268     0         0      
       ctype.c.obj                   0       257       0      
       fd_mul_t2.asm.obj             252     0         0      
       setvbuf.c.obj                 220     0         0      
       memcpy_t2.asm.obj             156     0         0      
       ull_div_t2.asm.obj            150     0         0      
       fputc.c.obj                   140     0         0      
       memset_t2.asm.obj             122     0         0      
       fclose.c.obj                  116     0         0      
       getdevice.c.obj               116     0         0      
       hostopen.c.obj                96      0         16     
       printf.c.obj                  112     0         0      
       hostrename.c.obj              108     0         0      
       copy_decompress_lzss.c.obj    104     0         0      
       hostlseek.c.obj               104     0         0      
       exit.c.obj                    76      0         24     
       fseek.c.obj                   100     0         0      
       s_frexp.c.obj                 100     0         0      
       _io_perm.c.obj                98      0         0      
       close.c.obj                   92      0         0      
       hostread.c.obj                88      0         0      
       hostwrite.c.obj               88      0         0      
       _ltoa.c.obj                   84      0         0      
       atoi.c.obj                    76      0         0      
       fflush.c.obj                  76      0         0      
       fd_toi_t2.asm.obj             72      0         0      
       autoinit.c.obj                68      0         0      
       hostclose.c.obj               68      0         0      
       hostunlink.c.obj              68      0         0      
       strncpy.c.obj                 54      0         0      
       boot_cortex_m.c.obj           52      0         0      
       fopen.c.obj                   52      0         0      
       i_tofd_t2.asm.obj             46      0         0      
       unlink.c.obj                  44      0         0      
       lseek.c.obj                   40      0         0      
       write.c.obj                   40      0         0      
       memchr.c.obj                  32      0         0      
       copy_zero_init.c.obj          28      0         0      
       memccpy.c.obj                 28      0         0      
       s_copysign.c.obj              26      0         0      
       strcmp.c.obj                  24      0         0      
       strchr.c.obj                  22      0         0      
       strcpy.c.obj                  20      0         0      
       strlen.c.obj                  20      0         0      
       _lock.c.obj                   2       0         16     
       wcslen.c.obj                  18      0         0      
       errno.c.obj                   8       0         8      
       copy_decompress_none.c.obj    14      0         0      
       pre_init.c.obj                4       0         0      
       div0.asm.obj                  2       0         0      
    +--+-----------------------------+-------+---------+---------+
       Total:                        10721   257       1888   
                                                              
       Heap:                         0       0         2048   
       Stack:                        0       0         1024   
       Linker Generated:             0       199       0      
    +--+-----------------------------+-------+---------+---------+
       Grand Total:                  22709   961       5600   


LINKER GENERATED COPY TABLES

__TI_cinit_table @ 00005c78 records: 3, size/record: 8, table size: 24
	.data: load addr=00005bc8, load size=00000093 bytes, run addr=200004e8, run size=00000224 bytes, compression=lzss
	.bss: load addr=00005c68, load size=00000008 bytes, run addr=2000070c, run size=000001e8 bytes, compression=zero_init
	.vtable: load addr=00005c70, load size=00000008 bytes, run addr=20000000, run size=000000e4 bytes, compression=zero_init


LINKER GENERATED HANDLER TABLE

__TI_handler_table @ 00005c5c records: 3, size/record: 4, table size: 12
	index: 0, handler: __TI_zero_init
	index: 1, handler: __TI_decompress_lzss
	index: 2, handler: __TI_decompress_none


GLOBAL SYMBOLS: SORTED ALPHABETICALLY BY Name 

address   name                                           
-------   ----                                           
00005989  ADC14_IRQHandler                               
00005989  AES256_IRQHandler                              
00005989  BusFault_Handler                               
000059a9  C$$EXIT                                        
00005697  C$$IO$$                                        
00005989  COMP_E0_IRQHandler                             
00005989  COMP_E1_IRQHandler                             
0000565f  CPU_basepriGet                                 
00005651  CPU_basepriSet                                 
0000562b  CPU_cpsid                                      
00005641  CPU_cpsie                                      
00005637  CPU_primask                                    
0000564d  CPU_wfi                                        
00005989  CS_IRQHandler                                  
00000de5  CS_clearInterruptFlag                          
0000068d  CS_disableClockRequest                         
00000773  CS_disableDCOExternalResistor                  
00000cb9  CS_disableFaultCounter                         
00000da3  CS_disableInterrupt                            
00000665  CS_enableClockRequest                          
000006d5  CS_enableDCOExternalResistor                   
00000c8d  CS_enableFaultCounter                          
00000d81  CS_enableInterrupt                             
00000c25  CS_getACLK                                     
00000be5  CS_getBCLK                                     
0000086d  CS_getDCOFrequency                             
00000dcb  CS_getEnabledInterruptStatus                   
00000c01  CS_getHSMCLK                                   
00000dc5  CS_getInterruptStatus                          
00000c6b  CS_getMCLK                                     
00000c49  CS_getSMCLK                                    
00000385  CS_initClockSignal                             
00000e07  CS_registerInterrupt                           
00000ce5  CS_resetFaultCounter                           
00000791  CS_setDCOCenteredFrequency                     
000006fd  CS_setDCOExternalResistorCalibration           
00000a0d  CS_setDCOFrequency                             
00000349  CS_setExternalClockSourceFrequency             
000006af  CS_setReferenceOscillatorFrequency             
00000d31  CS_startFaultCounter                           
00000489  CS_startHFXT                                   
000004ad  CS_startHFXTWithTimeout                        
00000571  CS_startLFXT                                   
00000595  CS_startLFXTWithTimeout                        
000007c9  CS_tuneDCOFrequency                            
00000e1b  CS_unregisterInterrupt                         
00005989  DMA_ERR_IRQHandler                             
00005989  DMA_INT0_IRQHandler                            
00005989  DMA_INT1_IRQHandler                            
00005989  DMA_INT2_IRQHandler                            
00005989  DMA_INT3_IRQHandler                            
00005989  DebugMon_Handler                               
00005989  Default_Handler                                
00005989  EUSCIA0_IRQHandler                             
00005989  EUSCIA1_IRQHandler                             
00005989  EUSCIA2_IRQHandler                             
00005989  EUSCIA3_IRQHandler                             
00005989  EUSCIB0_IRQHandler                             
00005989  EUSCIB1_IRQHandler                             
00005989  EUSCIB2_IRQHandler                             
00005989  EUSCIB3_IRQHandler                             
00005989  FLCTL_IRQHandler                               
00005989  FPU_IRQHandler                                 
0000236b  GPIO_clearInterruptFlag                        
0000232b  GPIO_disableInterrupt                          
00002309  GPIO_enableInterrupt                           
000023c3  GPIO_getEnabledInterruptStatus                 
000022db  GPIO_getInputPinValue                          
0000234d  GPIO_getInterruptStatus                        
0000238d  GPIO_interruptEdgeSelect                       
00002483  GPIO_registerInterrupt                         
00002083  GPIO_setAsInputPin                             
00002237  GPIO_setAsInputPinWithPullDownResistor         
00002289  GPIO_setAsInputPinWithPullUpResistor           
00002049  GPIO_setAsOutputPin                            
0000214d  GPIO_setAsPeripheralModuleFunctionInputPin     
000020c9  GPIO_setAsPeripheralModuleFunctionOutputPin    
0000243f  GPIO_setDriveStrengthHigh                      
00002461  GPIO_setDriveStrengthLow                       
000021d1  GPIO_setOutputHighOnPin                        
000021f3  GPIO_setOutputLowOnPin                         
00002215  GPIO_toggleOutputOnPin                         
000024a3  GPIO_unregisterInterrupt                       
000054dd  HOSTclose                                      
00004e85  HOSTlseek                                      
0000514d  HOSTopen                                       
00005209  HOSTread                                       
00004dad  HOSTrename                                     
00005521  HOSTunlink                                     
00005261  HOSTwrite                                      
00005989  HardFault_Handler                              
00002aa7  Interrupt_disableInterrupt                     
000028f7  Interrupt_disableMaster                        
00002ca5  Interrupt_disableSleepOnIsrExit                
00002a35  Interrupt_enableInterrupt                      
000028e7  Interrupt_enableMaster                         
00002c93  Interrupt_enableSleepOnIsrExit                 
00002a0f  Interrupt_getPriority                          
00002987  Interrupt_getPriorityGrouping                  
00002c73  Interrupt_getPriorityMask                      
00002c8d  Interrupt_getVectorTableAddress                
00002b19  Interrupt_isEnabled                            
00002ba5  Interrupt_pendInterrupt                        
00002907  Interrupt_registerInterrupt                    
000029bf  Interrupt_setPriority                          
0000296d  Interrupt_setPriorityGrouping                  
00002c63  Interrupt_setPriorityMask                      
00002c7d  Interrupt_setVectorTableAddress                
00002c15  Interrupt_unpendInterrupt                      
00002959  Interrupt_unregisterInterrupt                  
00005989  MemManage_Handler                              
00005989  NMI_Handler                                    
00005989  PCM_IRQHandler                                 
00004ff3  PORT1_IRQHandler                               
00004ff3  PORT1_IRQHandler                               
00005989  PORT2_IRQHandler                               
00005989  PORT3_IRQHandler                               
00005989  PORT4_IRQHandler                               
00005989  PORT5_IRQHandler                               
00005989  PORT6_IRQHandler                               
00005989  PSS_IRQHandler                                 
00005989  PendSV_Handler                                 
00005989  RTC_C_IRQHandler                               
0000597d  Reset_Handler                                  
20000702  STATE                                          
20000703  STATE2                                         
00005989  SVC_Handler                                    
0000346b  SysCtl_disableGlitchFilter                     
000032fb  SysCtl_disableNMISource                        
00003403  SysCtl_disablePeripheralAtCPUHalt              
00003345  SysCtl_disableSRAMBank                         
000033c9  SysCtl_disableSRAMBankRetention                
0000345f  SysCtl_enableGlitchFilter                      
0000330f  SysCtl_enableNMISource                         
000033ef  SysCtl_enablePeripheralAtCPUHalt               
00003329  SysCtl_enableSRAMBank                          
000033ad  SysCtl_enableSRAMBankRetention                 
000032f5  SysCtl_getFlashSize                            
00003323  SysCtl_getNMISourceStatus                      
000032ef  SysCtl_getSRAMSize                             
00003279  SysCtl_getTLVInfo                              
00003477  SysCtl_getTempCalibrationConstant              
000033e5  SysCtl_rebootDevice                            
0000343b  SysCtl_setWDTPasswordViolationResetType        
00003417  SysCtl_setWDTTimeoutResetType                  
00005989  SysTick_Handler                                
20000708  SystemCoreClock                                
00002cd5  SystemCoreClockUpdate                          
00002f4d  SystemInit                                     
00005989  T32_INT1_IRQHandler                            
00005989  T32_INT2_IRQHandler                            
00005989  T32_INTC_IRQHandler                            
00005989  TA0_0_IRQHandler                               
00005989  TA0_N_IRQHandler                               
00004841  TA1_0_IRQHandler                               
00004841  TA1_0_IRQHandler                               
00005989  TA1_N_IRQHandler                               
00005989  TA2_0_IRQHandler                               
00005989  TA2_N_IRQHandler                               
00005989  TA3_0_IRQHandler                               
00005989  TA3_N_IRQHandler                               
00001d7b  Timer_A_clearCaptureCompareInterrupt           
00001d65  Timer_A_clearInterruptFlag                     
00001be3  Timer_A_clearTimer                             
00001a0b  Timer_A_configureContinuousMode                
00001a99  Timer_A_configureUpDownMode                    
00001a3b  Timer_A_configureUpMode                        
00001e09  Timer_A_disableCaptureCompareInterrupt         
00001db7  Timer_A_disableInterrupt                       
00001ddd  Timer_A_enableCaptureCompareInterrupt          
00001da3  Timer_A_enableInterrupt                        
00001caf  Timer_A_generatePWM                            
00001c55  Timer_A_getCaptureCompareCount                 
00001e71  Timer_A_getCaptureCompareEnabledInterruptStatus
00001e31  Timer_A_getCaptureCompareInterruptStatus       
00001b97  Timer_A_getCounterValue                        
00001e59  Timer_A_getEnabledInterruptStatus              
00001dcb  Timer_A_getInterruptStatus                     
00001c27  Timer_A_getOutputForOutputModeOutBitValue      
00001bf7  Timer_A_getSynchronizedCaptureCompareInput     
00001af7  Timer_A_initCapture                            
00001b49  Timer_A_initCompare                            
00001ead  Timer_A_registerInterrupt                      
00001d39  Timer_A_setCompareValue                        
00001c77  Timer_A_setOutputForOutputModeOutBitValue      
000019f5  Timer_A_startCounter                           
00001d25  Timer_A_stopTimer                              
00001f7f  Timer_A_unregisterInterrupt                    
000027dd  UART_clearInterruptFlag                        
00002735  UART_disableInterrupt                          
00002617  UART_disableModule                             
00002705  UART_enableInterrupt                           
00002601  UART_enableModule                              
00002781  UART_getEnabledInterruptStatus                 
00002765  UART_getInterruptStatus                        
000026cd  UART_getReceiveBufferAddressForDMA             
000026db  UART_getTransmitBufferAddressForDMA            
000024c9  UART_initModule                                
0000262d  UART_queryStatusFlags                          
000025db  UART_receiveData                               
000027fd  UART_registerInterrupt                         
00002655  UART_resetDormant                              
000026e9  UART_selectDeglitchTime                        
00002641  UART_setDormant                                
00002669  UART_transmitAddress                           
00002687  UART_transmitBreak                             
000025b1  UART_transmitData                              
00002879  UART_unregisterInterrupt                       
00005989  UsageFault_Handler                             
4000480c  WDTCTL_SYM                                     
00005989  WDT_A_IRQHandler                               
000046a1  WDT_A_clearTimer                               
00004661  WDT_A_holdTimer                                
000046dd  WDT_A_initIntervalTimer                        
000046c1  WDT_A_initWatchdogTimer                        
00004711  WDT_A_registerInterrupt                        
000046f9  WDT_A_setPasswordViolationReset                
00004705  WDT_A_setTimeoutReset                          
00004681  WDT_A_startTimer                               
00004725  WDT_A_unregisterInterrupt                      
2000070c  __CIOBUF_                                      
20010000  __STACK_END                                    
00000200  __STACK_SIZE                                   
00000400  __SYSMEM_SIZE                                  
00005c78  __TI_CINIT_Base                                
00005c90  __TI_CINIT_Limit                               
00005c5c  __TI_Handler_Table_Base                        
00005c68  __TI_Handler_Table_Limit                       
00005565  __TI_auto_init_nobinit_nopinit                 
000056d9  __TI_cleanup                                   
200006e0  __TI_cleanup_ptr                               
00004be5  __TI_closefile                                 
00004eed  __TI_decompress_lzss                           
0000596f  __TI_decompress_none                           
000053b5  __TI_doflush                                   
200006e4  __TI_dtors_ptr                                 
200006e8  __TI_enable_exit_profile_output                
200006d0  __TI_ft_end                                    
0000530f  __TI_ltoa                                      
ffffffff  __TI_pprof_out_hndl                            
00000e61  __TI_printfi                                   
ffffffff  __TI_prof_data_size                            
ffffffff  __TI_prof_data_start                           
0000570d  __TI_readmsg                                   
00000000  __TI_static_base__                             
2000082c  __TI_tmpnams                                   
00005669  __TI_writemsg                                  
000050e9  __TI_wrt_ok                                    
00005899  __TI_zero_init_nomemset                        
00004a5d  __aeabi_cdcmpeq                                
00004a5d  __aeabi_cdcmple                                
00004ae3  __aeabi_cdrcmple                               
00005495  __aeabi_d2iz                                   
00003893  __aeabi_dadd                                   
00003d19  __aeabi_ddiv                                   
000043a5  __aeabi_dmul                                   
00003889  __aeabi_dsub                                   
0000598d  __aeabi_errno_addr                             
000057a5  __aeabi_i2d                                    
00003a3f  __aeabi_idiv0                                  
00003a3f  __aeabi_ldiv0                                  
00004b69  __aeabi_memclr                                 
00004b69  __aeabi_memclr4                                
00004b69  __aeabi_memclr8                                
0000489d  __aeabi_memcpy                                 
0000489d  __aeabi_memcpy4                                
0000489d  __aeabi_memcpy8                                
00004b6b  __aeabi_memset                                 
00004b6b  __aeabi_memset4                                
00004b6b  __aeabi_memset8                                
200006dc  __aeabi_stderr                                 
200006d4  __aeabi_stdin                                  
200006d8  __aeabi_stdout                                 
00004939  __aeabi_uldivmod                               
ffffffff  __binit__                                      
ffffffff  __c_args__                                     
UNDEFED   __mpu_init                                     
2000fe00  __stack                                        
20000000  __start___llvm_prf_cnts                        
20000000  __stop___llvm_prf_cnts                         
00005741  _c_int00_noargs                                
000059ac  _ctypes_                                       
200005d8  _device                                        
200004e8  _ftable                                        
200006ec  _lock                                          
000018af  _nop                                           
20000650  _stream                                        
200000e8  _sys_memory                                    
UNDEFED   _system_post_cinit                             
000059a5  _system_pre_init                               
200006f0  _unlock                                        
000059a9  abort                                          
000042a5  aligned_alloc                                  
00005401  atoi                                           
ffffffff  binit                                          
000051ad  close                                          
00005b90  compareModeConfig200ms                         
000058ed  copysign                                       
000058ed  copysignl                                      
00003591  dequeue                                        
00004fe7  disable_button                                 
00004fdb  enable_button                                  
0000357f  enqueue                                        
20000704  errno                                          
0000544d  exit                                           
00005775  finddevice                                     
000049d1  fputc                                          
00003f75  fputs                                          
000044a1  free                                           
00005021  frexp                                          
00005021  frexpl                                         
00005085  fseek                                          
20000000  g_pfnRAMVectors                                
000055a9  getdevice                                      
00004fbd  init_buttons                                   
00004e19  init_gpios                                     
000034bd  init_queue                                     
00004199  init_timer_a                                   
00004c59  init_uart                                      
00000000  interruptVectors                               
00004089  ldexp                                          
00004089  ldexpl                                         
00005829  lseek                                          
00003a41  main                                           
000047ed  main2                                          
00005995  malloc                                         
000042a5  memalign                                       
000058d1  memccpy                                        
00005879  memchr                                         
0000489d  memcpy                                         
00004b71  memset                                         
200008ec  parmbuf                                        
00004f55  printf                                         
000034df  priority_enqueue                               
000049d1  putc                                           
000057d5  remove                                         
00004089  scalbn                                         
00004089  scalbnl                                        
00004585  setvbuf                                        
000041bb  start_gps_time_marked_pulse                    
0000591f  strchr                                         
00005907  strcmp                                         
00005935  strcpy                                         
00005949  strlen                                         
000056a1  strncpy                                        
00004e75  toggle_keep_alive_led                          
00004e81  turn_off_time_marked_pulse                     
00004e83  turn_on_time_marked_pulse                      
00005b00  uartConfig                                     
00004c7d  uart_send                                      
000057d5  unlink                                         
00005b60  upConfig                                       
00005b78  upModeConfig                                   
0000595d  wcslen                                         
00005851  write                                          


GLOBAL SYMBOLS: SORTED BY Symbol Address 

address   name                                           
-------   ----                                           
00000000  __TI_static_base__                             
00000000  interruptVectors                               
00000200  __STACK_SIZE                                   
00000349  CS_setExternalClockSourceFrequency             
00000385  CS_initClockSignal                             
00000400  __SYSMEM_SIZE                                  
00000489  CS_startHFXT                                   
000004ad  CS_startHFXTWithTimeout                        
00000571  CS_startLFXT                                   
00000595  CS_startLFXTWithTimeout                        
00000665  CS_enableClockRequest                          
0000068d  CS_disableClockRequest                         
000006af  CS_setReferenceOscillatorFrequency             
000006d5  CS_enableDCOExternalResistor                   
000006fd  CS_setDCOExternalResistorCalibration           
00000773  CS_disableDCOExternalResistor                  
00000791  CS_setDCOCenteredFrequency                     
000007c9  CS_tuneDCOFrequency                            
0000086d  CS_getDCOFrequency                             
00000a0d  CS_setDCOFrequency                             
00000be5  CS_getBCLK                                     
00000c01  CS_getHSMCLK                                   
00000c25  CS_getACLK                                     
00000c49  CS_getSMCLK                                    
00000c6b  CS_getMCLK                                     
00000c8d  CS_enableFaultCounter                          
00000cb9  CS_disableFaultCounter                         
00000ce5  CS_resetFaultCounter                           
00000d31  CS_startFaultCounter                           
00000d81  CS_enableInterrupt                             
00000da3  CS_disableInterrupt                            
00000dc5  CS_getInterruptStatus                          
00000dcb  CS_getEnabledInterruptStatus                   
00000de5  CS_clearInterruptFlag                          
00000e07  CS_registerInterrupt                           
00000e1b  CS_unregisterInterrupt                         
00000e61  __TI_printfi                                   
000018af  _nop                                           
000019f5  Timer_A_startCounter                           
00001a0b  Timer_A_configureContinuousMode                
00001a3b  Timer_A_configureUpMode                        
00001a99  Timer_A_configureUpDownMode                    
00001af7  Timer_A_initCapture                            
00001b49  Timer_A_initCompare                            
00001b97  Timer_A_getCounterValue                        
00001be3  Timer_A_clearTimer                             
00001bf7  Timer_A_getSynchronizedCaptureCompareInput     
00001c27  Timer_A_getOutputForOutputModeOutBitValue      
00001c55  Timer_A_getCaptureCompareCount                 
00001c77  Timer_A_setOutputForOutputModeOutBitValue      
00001caf  Timer_A_generatePWM                            
00001d25  Timer_A_stopTimer                              
00001d39  Timer_A_setCompareValue                        
00001d65  Timer_A_clearInterruptFlag                     
00001d7b  Timer_A_clearCaptureCompareInterrupt           
00001da3  Timer_A_enableInterrupt                        
00001db7  Timer_A_disableInterrupt                       
00001dcb  Timer_A_getInterruptStatus                     
00001ddd  Timer_A_enableCaptureCompareInterrupt          
00001e09  Timer_A_disableCaptureCompareInterrupt         
00001e31  Timer_A_getCaptureCompareInterruptStatus       
00001e59  Timer_A_getEnabledInterruptStatus              
00001e71  Timer_A_getCaptureCompareEnabledInterruptStatus
00001ead  Timer_A_registerInterrupt                      
00001f7f  Timer_A_unregisterInterrupt                    
00002049  GPIO_setAsOutputPin                            
00002083  GPIO_setAsInputPin                             
000020c9  GPIO_setAsPeripheralModuleFunctionOutputPin    
0000214d  GPIO_setAsPeripheralModuleFunctionInputPin     
000021d1  GPIO_setOutputHighOnPin                        
000021f3  GPIO_setOutputLowOnPin                         
00002215  GPIO_toggleOutputOnPin                         
00002237  GPIO_setAsInputPinWithPullDownResistor         
00002289  GPIO_setAsInputPinWithPullUpResistor           
000022db  GPIO_getInputPinValue                          
00002309  GPIO_enableInterrupt                           
0000232b  GPIO_disableInterrupt                          
0000234d  GPIO_getInterruptStatus                        
0000236b  GPIO_clearInterruptFlag                        
0000238d  GPIO_interruptEdgeSelect                       
000023c3  GPIO_getEnabledInterruptStatus                 
0000243f  GPIO_setDriveStrengthHigh                      
00002461  GPIO_setDriveStrengthLow                       
00002483  GPIO_registerInterrupt                         
000024a3  GPIO_unregisterInterrupt                       
000024c9  UART_initModule                                
000025b1  UART_transmitData                              
000025db  UART_receiveData                               
00002601  UART_enableModule                              
00002617  UART_disableModule                             
0000262d  UART_queryStatusFlags                          
00002641  UART_setDormant                                
00002655  UART_resetDormant                              
00002669  UART_transmitAddress                           
00002687  UART_transmitBreak                             
000026cd  UART_getReceiveBufferAddressForDMA             
000026db  UART_getTransmitBufferAddressForDMA            
000026e9  UART_selectDeglitchTime                        
00002705  UART_enableInterrupt                           
00002735  UART_disableInterrupt                          
00002765  UART_getInterruptStatus                        
00002781  UART_getEnabledInterruptStatus                 
000027dd  UART_clearInterruptFlag                        
000027fd  UART_registerInterrupt                         
00002879  UART_unregisterInterrupt                       
000028e7  Interrupt_enableMaster                         
000028f7  Interrupt_disableMaster                        
00002907  Interrupt_registerInterrupt                    
00002959  Interrupt_unregisterInterrupt                  
0000296d  Interrupt_setPriorityGrouping                  
00002987  Interrupt_getPriorityGrouping                  
000029bf  Interrupt_setPriority                          
00002a0f  Interrupt_getPriority                          
00002a35  Interrupt_enableInterrupt                      
00002aa7  Interrupt_disableInterrupt                     
00002b19  Interrupt_isEnabled                            
00002ba5  Interrupt_pendInterrupt                        
00002c15  Interrupt_unpendInterrupt                      
00002c63  Interrupt_setPriorityMask                      
00002c73  Interrupt_getPriorityMask                      
00002c7d  Interrupt_setVectorTableAddress                
00002c8d  Interrupt_getVectorTableAddress                
00002c93  Interrupt_enableSleepOnIsrExit                 
00002ca5  Interrupt_disableSleepOnIsrExit                
00002cd5  SystemCoreClockUpdate                          
00002f4d  SystemInit                                     
00003279  SysCtl_getTLVInfo                              
000032ef  SysCtl_getSRAMSize                             
000032f5  SysCtl_getFlashSize                            
000032fb  SysCtl_disableNMISource                        
0000330f  SysCtl_enableNMISource                         
00003323  SysCtl_getNMISourceStatus                      
00003329  SysCtl_enableSRAMBank                          
00003345  SysCtl_disableSRAMBank                         
000033ad  SysCtl_enableSRAMBankRetention                 
000033c9  SysCtl_disableSRAMBankRetention                
000033e5  SysCtl_rebootDevice                            
000033ef  SysCtl_enablePeripheralAtCPUHalt               
00003403  SysCtl_disablePeripheralAtCPUHalt              
00003417  SysCtl_setWDTTimeoutResetType                  
0000343b  SysCtl_setWDTPasswordViolationResetType        
0000345f  SysCtl_enableGlitchFilter                      
0000346b  SysCtl_disableGlitchFilter                     
00003477  SysCtl_getTempCalibrationConstant              
000034bd  init_queue                                     
000034df  priority_enqueue                               
0000357f  enqueue                                        
00003591  dequeue                                        
00003889  __aeabi_dsub                                   
00003893  __aeabi_dadd                                   
00003a3f  __aeabi_idiv0                                  
00003a3f  __aeabi_ldiv0                                  
00003a41  main                                           
00003d19  __aeabi_ddiv                                   
00003f75  fputs                                          
00004089  ldexp                                          
00004089  ldexpl                                         
00004089  scalbn                                         
00004089  scalbnl                                        
00004199  init_timer_a                                   
000041bb  start_gps_time_marked_pulse                    
000042a5  aligned_alloc                                  
000042a5  memalign                                       
000043a5  __aeabi_dmul                                   
000044a1  free                                           
00004585  setvbuf                                        
00004661  WDT_A_holdTimer                                
00004681  WDT_A_startTimer                               
000046a1  WDT_A_clearTimer                               
000046c1  WDT_A_initWatchdogTimer                        
000046dd  WDT_A_initIntervalTimer                        
000046f9  WDT_A_setPasswordViolationReset                
00004705  WDT_A_setTimeoutReset                          
00004711  WDT_A_registerInterrupt                        
00004725  WDT_A_unregisterInterrupt                      
000047ed  main2                                          
00004841  TA1_0_IRQHandler                               
00004841  TA1_0_IRQHandler                               
0000489d  __aeabi_memcpy                                 
0000489d  __aeabi_memcpy4                                
0000489d  __aeabi_memcpy8                                
0000489d  memcpy                                         
00004939  __aeabi_uldivmod                               
000049d1  fputc                                          
000049d1  putc                                           
00004a5d  __aeabi_cdcmpeq                                
00004a5d  __aeabi_cdcmple                                
00004ae3  __aeabi_cdrcmple                               
00004b69  __aeabi_memclr                                 
00004b69  __aeabi_memclr4                                
00004b69  __aeabi_memclr8                                
00004b6b  __aeabi_memset                                 
00004b6b  __aeabi_memset4                                
00004b6b  __aeabi_memset8                                
00004b71  memset                                         
00004be5  __TI_closefile                                 
00004c59  init_uart                                      
00004c7d  uart_send                                      
00004dad  HOSTrename                                     
00004e19  init_gpios                                     
00004e75  toggle_keep_alive_led                          
00004e81  turn_off_time_marked_pulse                     
00004e83  turn_on_time_marked_pulse                      
00004e85  HOSTlseek                                      
00004eed  __TI_decompress_lzss                           
00004f55  printf                                         
00004fbd  init_buttons                                   
00004fdb  enable_button                                  
00004fe7  disable_button                                 
00004ff3  PORT1_IRQHandler                               
00004ff3  PORT1_IRQHandler                               
00005021  frexp                                          
00005021  frexpl                                         
00005085  fseek                                          
000050e9  __TI_wrt_ok                                    
0000514d  HOSTopen                                       
000051ad  close                                          
00005209  HOSTread                                       
00005261  HOSTwrite                                      
0000530f  __TI_ltoa                                      
000053b5  __TI_doflush                                   
00005401  atoi                                           
0000544d  exit                                           
00005495  __aeabi_d2iz                                   
000054dd  HOSTclose                                      
00005521  HOSTunlink                                     
00005565  __TI_auto_init_nobinit_nopinit                 
000055a9  getdevice                                      
0000562b  CPU_cpsid                                      
00005637  CPU_primask                                    
00005641  CPU_cpsie                                      
0000564d  CPU_wfi                                        
00005651  CPU_basepriSet                                 
0000565f  CPU_basepriGet                                 
00005669  __TI_writemsg                                  
00005697  C$$IO$$                                        
000056a1  strncpy                                        
000056d9  __TI_cleanup                                   
0000570d  __TI_readmsg                                   
00005741  _c_int00_noargs                                
00005775  finddevice                                     
000057a5  __aeabi_i2d                                    
000057d5  remove                                         
000057d5  unlink                                         
00005829  lseek                                          
00005851  write                                          
00005879  memchr                                         
00005899  __TI_zero_init_nomemset                        
000058d1  memccpy                                        
000058ed  copysign                                       
000058ed  copysignl                                      
00005907  strcmp                                         
0000591f  strchr                                         
00005935  strcpy                                         
00005949  strlen                                         
0000595d  wcslen                                         
0000596f  __TI_decompress_none                           
0000597d  Reset_Handler                                  
00005989  ADC14_IRQHandler                               
00005989  AES256_IRQHandler                              
00005989  BusFault_Handler                               
00005989  COMP_E0_IRQHandler                             
00005989  COMP_E1_IRQHandler                             
00005989  CS_IRQHandler                                  
00005989  DMA_ERR_IRQHandler                             
00005989  DMA_INT0_IRQHandler                            
00005989  DMA_INT1_IRQHandler                            
00005989  DMA_INT2_IRQHandler                            
00005989  DMA_INT3_IRQHandler                            
00005989  DebugMon_Handler                               
00005989  Default_Handler                                
00005989  EUSCIA0_IRQHandler                             
00005989  EUSCIA1_IRQHandler                             
00005989  EUSCIA2_IRQHandler                             
00005989  EUSCIA3_IRQHandler                             
00005989  EUSCIB0_IRQHandler                             
00005989  EUSCIB1_IRQHandler                             
00005989  EUSCIB2_IRQHandler                             
00005989  EUSCIB3_IRQHandler                             
00005989  FLCTL_IRQHandler                               
00005989  FPU_IRQHandler                                 
00005989  HardFault_Handler                              
00005989  MemManage_Handler                              
00005989  NMI_Handler                                    
00005989  PCM_IRQHandler                                 
00005989  PORT2_IRQHandler                               
00005989  PORT3_IRQHandler                               
00005989  PORT4_IRQHandler                               
00005989  PORT5_IRQHandler                               
00005989  PORT6_IRQHandler                               
00005989  PSS_IRQHandler                                 
00005989  PendSV_Handler                                 
00005989  RTC_C_IRQHandler                               
00005989  SVC_Handler                                    
00005989  SysTick_Handler                                
00005989  T32_INT1_IRQHandler                            
00005989  T32_INT2_IRQHandler                            
00005989  T32_INTC_IRQHandler                            
00005989  TA0_0_IRQHandler                               
00005989  TA0_N_IRQHandler                               
00005989  TA1_N_IRQHandler                               
00005989  TA2_0_IRQHandler                               
00005989  TA2_N_IRQHandler                               
00005989  TA3_0_IRQHandler                               
00005989  TA3_N_IRQHandler                               
00005989  UsageFault_Handler                             
00005989  WDT_A_IRQHandler                               
0000598d  __aeabi_errno_addr                             
00005995  malloc                                         
000059a5  _system_pre_init                               
000059a9  C$$EXIT                                        
000059a9  abort                                          
000059ac  _ctypes_                                       
00005b00  uartConfig                                     
00005b60  upConfig                                       
00005b78  upModeConfig                                   
00005b90  compareModeConfig200ms                         
00005c5c  __TI_Handler_Table_Base                        
00005c68  __TI_Handler_Table_Limit                       
00005c78  __TI_CINIT_Base                                
00005c90  __TI_CINIT_Limit                               
20000000  __start___llvm_prf_cnts                        
20000000  __stop___llvm_prf_cnts                         
20000000  g_pfnRAMVectors                                
200000e8  _sys_memory                                    
200004e8  _ftable                                        
200005d8  _device                                        
20000650  _stream                                        
200006d0  __TI_ft_end                                    
200006d4  __aeabi_stdin                                  
200006d8  __aeabi_stdout                                 
200006dc  __aeabi_stderr                                 
200006e0  __TI_cleanup_ptr                               
200006e4  __TI_dtors_ptr                                 
200006e8  __TI_enable_exit_profile_output                
200006ec  _lock                                          
200006f0  _unlock                                        
20000702  STATE                                          
20000703  STATE2                                         
20000704  errno                                          
20000708  SystemCoreClock                                
2000070c  __CIOBUF_                                      
2000082c  __TI_tmpnams                                   
200008ec  parmbuf                                        
2000fe00  __stack                                        
20010000  __STACK_END                                    
4000480c  WDTCTL_SYM                                     
ffffffff  __TI_pprof_out_hndl                            
ffffffff  __TI_prof_data_size                            
ffffffff  __TI_prof_data_start                           
ffffffff  __binit__                                      
ffffffff  __c_args__                                     
ffffffff  binit                                          
UNDEFED   __mpu_init                                     
UNDEFED   _system_post_cinit                             

[355 symbols]
